Archive member included because of file (symbol)

/Users/tomvictor/ti/tirex-content/tirtos_cc13xx_cc26xx_2_21_00_06/products/tidrivers_cc13xx_cc26xx_2_21_00_04/packages/ti/mw/display/lib/display.am3g(DisplaySharp.om3g)
                              ./CC2650_LAUNCHXL.o (DisplaySharp_fxnTable)
/Users/tomvictor/ti/tirex-content/tirtos_cc13xx_cc26xx_2_21_00_06/products/tidrivers_cc13xx_cc26xx_2_21_00_04/packages/ti/mw/display/lib/display.am3g(DisplayUart.om3g)
                              ./CC2650_LAUNCHXL.o (DisplayUart_fxnTable)
/Users/tomvictor/ti/tirex-content/tirtos_cc13xx_cc26xx_2_21_00_06/products/tidrivers_cc13xx_cc26xx_2_21_00_04/packages/ti/mw/lcd/lib/lcd.am3g(SharpGrLib.om3g)
                              /Users/tomvictor/ti/tirex-content/tirtos_cc13xx_cc26xx_2_21_00_06/products/tidrivers_cc13xx_cc26xx_2_21_00_04/packages/ti/mw/display/lib/display.am3g(DisplaySharp.om3g) (SharpGrLib_init)
/Users/tomvictor/ti/tirex-content/tirtos_cc13xx_cc26xx_2_21_00_06/products/tidrivers_cc13xx_cc26xx_2_21_00_04/packages/ti/mw/grlib/lib/grlib.am3g(fontfixed6x8.om3g)
                              /Users/tomvictor/ti/tirex-content/tirtos_cc13xx_cc26xx_2_21_00_06/products/tidrivers_cc13xx_cc26xx_2_21_00_04/packages/ti/mw/display/lib/display.am3g(DisplaySharp.om3g) (g_sFontFixed6x8)
/Users/tomvictor/ti/tirex-content/tirtos_cc13xx_cc26xx_2_21_00_06/products/tidrivers_cc13xx_cc26xx_2_21_00_04/packages/ti/mw/grlib/lib/grlib.am3g(context.om3g)
                              /Users/tomvictor/ti/tirex-content/tirtos_cc13xx_cc26xx_2_21_00_06/products/tidrivers_cc13xx_cc26xx_2_21_00_04/packages/ti/mw/display/lib/display.am3g(DisplaySharp.om3g) (GrContextInit)
/Users/tomvictor/ti/tirex-content/tirtos_cc13xx_cc26xx_2_21_00_06/products/tidrivers_cc13xx_cc26xx_2_21_00_04/packages/ti/mw/grlib/lib/grlib.am3g(rectangle.om3g)
                              /Users/tomvictor/ti/tirex-content/tirtos_cc13xx_cc26xx_2_21_00_06/products/tidrivers_cc13xx_cc26xx_2_21_00_04/packages/ti/mw/display/lib/display.am3g(DisplaySharp.om3g) (GrRectFill)
/Users/tomvictor/ti/tirex-content/tirtos_cc13xx_cc26xx_2_21_00_06/products/tidrivers_cc13xx_cc26xx_2_21_00_04/packages/ti/mw/grlib/lib/grlib.am3g(string.om3g)
                              /Users/tomvictor/ti/tirex-content/tirtos_cc13xx_cc26xx_2_21_00_06/products/tidrivers_cc13xx_cc26xx_2_21_00_04/packages/ti/mw/display/lib/display.am3g(DisplaySharp.om3g) (GrStringDraw)
/Users/tomvictor/ti/tirex-content/tirtos_cc13xx_cc26xx_2_21_00_06/products/tidrivers_cc13xx_cc26xx_2_21_00_04/packages/ti/mw/grlib/lib/grlib.am3g(line.om3g)
                              /Users/tomvictor/ti/tirex-content/tirtos_cc13xx_cc26xx_2_21_00_06/products/tidrivers_cc13xx_cc26xx_2_21_00_04/packages/ti/mw/grlib/lib/grlib.am3g(rectangle.om3g) (GrLineDrawH)
/Users/tomvictor/ti/tirex-content/tirtos_cc13xx_cc26xx_2_21_00_06/products/tidrivers_cc13xx_cc26xx_2_21_00_04/packages/ti/drivers/lib/drivers_cc26xxware.am3g(SPI.om3g)
                              /Users/tomvictor/ti/tirex-content/tirtos_cc13xx_cc26xx_2_21_00_06/products/tidrivers_cc13xx_cc26xx_2_21_00_04/packages/ti/mw/display/lib/display.am3g(DisplaySharp.om3g) (SPI_close)
/Users/tomvictor/ti/tirex-content/tirtos_cc13xx_cc26xx_2_21_00_06/products/tidrivers_cc13xx_cc26xx_2_21_00_04/packages/ti/drivers/lib/drivers_cc26xxware.am3g(UART.om3g)
                              /Users/tomvictor/ti/tirex-content/tirtos_cc13xx_cc26xx_2_21_00_06/products/tidrivers_cc13xx_cc26xx_2_21_00_04/packages/ti/mw/display/lib/display.am3g(DisplayUart.om3g) (UART_close)
/Users/tomvictor/ti/tirex-content/tirtos_cc13xx_cc26xx_2_21_00_06/products/tidrivers_cc13xx_cc26xx_2_21_00_04/packages/ti/drivers/lib/drivers_cc26xxware.am3g(Watchdog.om3g)
                              ./CC2650_LAUNCHXL.o (Watchdog_init)
/Users/tomvictor/ti/tirex-content/tirtos_cc13xx_cc26xx_2_21_00_06/products/tidrivers_cc13xx_cc26xx_2_21_00_04/packages/ti/drivers/lib/drivers_cc26xxware.am3g(ADCCC26XX.om3g)
                              ./CC2650_LAUNCHXL.o (ADCCC26XX_fxnTable)
/Users/tomvictor/ti/tirex-content/tirtos_cc13xx_cc26xx_2_21_00_06/products/tidrivers_cc13xx_cc26xx_2_21_00_04/packages/ti/drivers/lib/drivers_cc26xxware.am3g(ADCBufCC26XX.om3g)
                              ./CC2650_LAUNCHXL.o (ADCBufCC26XX_fxnTable)
/Users/tomvictor/ti/tirex-content/tirtos_cc13xx_cc26xx_2_21_00_06/products/tidrivers_cc13xx_cc26xx_2_21_00_04/packages/ti/drivers/lib/drivers_cc26xxware.am3g(UDMACC26XX.om3g)
                              /Users/tomvictor/ti/tirex-content/tirtos_cc13xx_cc26xx_2_21_00_06/products/tidrivers_cc13xx_cc26xx_2_21_00_04/packages/ti/drivers/lib/drivers_cc26xxware.am3g(ADCBufCC26XX.om3g) (UDMACC26XX_open)
/Users/tomvictor/ti/tirex-content/tirtos_cc13xx_cc26xx_2_21_00_06/products/tidrivers_cc13xx_cc26xx_2_21_00_04/packages/ti/drivers/lib/drivers_cc26xxware.am3g(I2CCC26XX.om3g)
                              ./CC2650_LAUNCHXL.o (I2CCC26XX_fxnTable)
[...]
Memory Configuration

Name             Origin             Length             Attributes
FLASH            0x0000000000000000 0x000000000001ffa8 xr
FLASH_CCFG       0x000000000001ffa8 0x0000000000000058 xr
SRAM             0x0000000020000000 0x0000000000005000 xrw
*default*        0x0000000000000000 0xffffffffffffffff

Linker script and memory map

LOAD ./CC2650_LAUNCHXL.o
LOAD ./ccfg.o
LOAD ./pinInterrupt.o
                0x0000000000000000                PROVIDE (_intvecs_base_address, DEFINED (_intvecs_base_address)?_intvecs_base_address:0x0)

.intvecs        0x0000000000000000       0x3c
 *(.intvecs)
 .intvecs       0x0000000000000000       0x3c /Users/tomvictor/workspace_v6_2/pinInterrupt_CC2650_LAUNCHXL_GNU_CC2650F128/Debug/configPkg/package/cfg/pinInterrupt_pm3g.om3g
                0x0000000000000000                ti_sysbios_family_arm_m3_Hwi_resetVectors
                0x0000000020000000                PROVIDE (_vtable_base_address, DEFINED (_vtable_base_address)?_vtable_base_address:0x20000000)

.vtable         0x0000000020000000       0xc8
 *(.vtable)
 .vtable        0x0000000020000000       0xc8 /Users/tomvictor/workspace_v6_2/pinInterrupt_CC2650_LAUNCHXL_GNU_CC2650F128/Debug/configPkg/package/cfg/pinInterrupt_pm3g.om3g
                0x0000000020000000                ti_sysbios_family_arm_m3_Hwi_ramVectors
                0x0000000020000100                _rom_data_start = 0x20000100
                0x0000000000000104                _rom_data_size = DEFINED (ti_sysbios_rom_ROM_ti_sysbios_family_arm_cc26xx_Timer_getCount64__E)?0x104:0x0

.rom_data_reserve
                0x0000000020000100      0x104
                0x0000000020000204                . = (. + _rom_data_size)
 *fill*         0x0000000020000100      0x104 
                0x0000000020000400                UDMACC26XX_CONFIG_BASE = 0x20000400
                0x0000000020000430                DMA_SPI0_RX_CONTROL_TABLE_ENTRY_ADDRESS = (UDMACC26XX_CONFIG_BASE + 0x30)
                0x0000000020000440                DMA_SPI0_TX_CONTROL_TABLE_ENTRY_ADDRESS = (UDMACC26XX_CONFIG_BASE + 0x40)
                0x0000000020000470                DMA_ADC_PRI_CONTROL_TABLE_ENTRY_ADDRESS = (UDMACC26XX_CONFIG_BASE + 0x70)
                0x0000000020000490                DMA_GPT0A_PRI_CONTROL_TABLE_ENTRY_ADDRESS = (UDMACC26XX_CONFIG_BASE + 0x90)
                0x0000000020000500                DMA_SPI1_RX_CONTROL_TABLE_ENTRY_ADDRESS = (UDMACC26XX_CONFIG_BASE + 0x100)
                0x0000000020000510                DMA_SPI1_TX_CONTROL_TABLE_ENTRY_ADDRESS = (UDMACC26XX_CONFIG_BASE + 0x110)
                0x0000000020000670                DMA_ADC_ALT_CONTROL_TABLE_ENTRY_ADDRESS = (UDMACC26XX_CONFIG_BASE + 0x270)
                0x0000000020000690                DMA_GPT0A_ALT_CONTROL_TABLE_ENTRY_ADDRESS = (UDMACC26XX_CONFIG_BASE + 0x290)
                0x0000000000000000                UDMACC26XX_dmaSpi0RxControlTableEntry_is_placed = 0x0

.dmaSpi0RxControlTableEntry
 *(.dmaSpi0RxControlTableEntry)
                0x0000000000000000                UDMACC26XX_dmaSpi0TxControlTableEntry_is_placed = 0x0

.dmaSpi0TxControlTableEntry
 *(.dmaSpi0TxControlTableEntry)
                0x0000000000000000                UDMACC26XX_dmaADCPriControlTableEntry_is_placed = 0x0

.dmaADCPriControlTableEntry
 *(.dmaADCPriControlTableEntry)
                0x0000000000000000                UDMACC26XX_dmaGPT0APriControlTableEntry_is_placed = 0x0

.dmaGPT0APriControlTableEntry
 *(.dmaGPT0APriControlTableEntry)
                0x0000000000000000                UDMACC26XX_dmaSpi1RxControlTableEntry_is_placed = 0x0

.dmaSpi1RxControlTableEntry
 *(.dmaSpi1RxControlTableEntry)
                0x0000000000000000                UDMACC26XX_dmaSpi1TxControlTableEntry_is_placed = 0x0

.dmaSpi1TxControlTableEntry
 *(.dmaSpi1TxControlTableEntry)
                0x0000000000000000                UDMACC26XX_dmaADCAltControlTableEntry_is_placed = 0x0

.dmaADCAltControlTableEntry
 *(.dmaADCAltControlTableEntry)
                0x0000000000000000                UDMACC26XX_dmaGPT0AAltControlTableEntry_is_placed = 0x0

.dmaGPT0AAltControlTableEntry
 *(.dmaGPT0AAltControlTableEntry)
                0x0000000000000100                _rom_rodata_start = 0x100
                0x0000000000000500                _rom_rodata_size = DEFINED (ti_sysbios_rom_ROM_ti_sysbios_family_arm_cc26xx_Timer_getCount64__E)?0x500:0x0

.rom_rodata_reserve
                0x0000000000000100      0x500 load address 0x000000000000003c
                0x0000000000000600                . = (. + _rom_rodata_size)
 *fill*         0x0000000000000100      0x500 

.text           0x0000000000000600     0x3244
 CREATE_OBJECT_SYMBOLS
 *(.text)
 .text          0x0000000000000600       0x30 /Applications/ti/ccsv6/tools/compiler/gcc-arm-none-eabi-4_9-2015q3/bin/../lib/gcc/arm-none-eabi/4.9.3/armv7-m/libgcc.a(_aeabi_uldivmod.o)
                0x0000000000000600                __aeabi_uldivmod
 .text          0x0000000000000630       0x60 /Applications/ti/ccsv6/tools/compiler/gcc-arm-none-eabi-4_9-2015q3/bin/../lib/gcc/arm-none-eabi/4.9.3/armv7-m/libgcc.a(bpabi.o)
                0x0000000000000630                __gnu_ldivmod_helper
                0x0000000000000660                __gnu_uldivmod_helper
 .text          0x0000000000000690        0x4 /Applications/ti/ccsv6/tools/compiler/gcc-arm-none-eabi-4_9-2015q3/bin/../lib/gcc/arm-none-eabi/4.9.3/armv7-m/libgcc.a(_dvmd_tls.o)
                0x0000000000000690                __aeabi_ldiv0
                0x0000000000000690                __aeabi_idiv0
 .text          0x0000000000000694      0x2ac /Applications/ti/ccsv6/tools/compiler/gcc-arm-none-eabi-4_9-2015q3/bin/../lib/gcc/arm-none-eabi/4.9.3/armv7-m/libgcc.a(_divdi3.o)
                0x0000000000000694                __divdi3
 .text          0x0000000000000940      0x270 /Applications/ti/ccsv6/tools/compiler/gcc-arm-none-eabi-4_9-2015q3/bin/../lib/gcc/arm-none-eabi/4.9.3/armv7-m/libgcc.a(_udivdi3.o)
                0x0000000000000940                __udivdi3
 *(.text.*)
 .text.buttonCallbackFxn
                0x0000000000000bb0       0x54 ./pinInterrupt.o
                0x0000000000000bb0                buttonCallbackFxn
 .text.startup.main
                0x0000000000000c04       0x88 ./pinInterrupt.o
                0x0000000000000c04                main
 .text.xdc_runtime_Startup_getState__I
                0x0000000000000c8c       0x7c /Users/tomvictor/workspace_v6_2/pinInterrupt_CC2650_LAUNCHXL_GNU_CC2650F128/Debug/configPkg/package/cfg/pinInterrupt_pm3g.om3g
                0x0000000000000c8c                xdc_runtime_Startup_getState(int0_t)
 .text.xdc_runtime_System_SupportProxy_abort__E
                0x0000000000000d08        0x4 /Users/tomvictor/workspace_v6_2/pinInterrupt_CC2650_LAUNCHXL_GNU_CC2650F128/Debug/configPkg/package/cfg/pinInterrupt_pm3g.om3g
                0x0000000000000d08                xdc_runtime_System_SupportProxy_abort__E
 .text.xdc_runtime_System_SupportProxy_exit__E
                0x0000000000000d0c        0x4 /Users/tomvictor/workspace_v6_2/pinInterrupt_CC2650_LAUNCHXL_GNU_CC2650F128/Debug/configPkg/package/cfg/pinInterrupt_pm3g.om3g
                0x0000000000000d0c                xdc_runtime_System_SupportProxy_exit__E
 .text.xdc_runtime_Startup_exec__I
                0x0000000000000d10       0x14 /Users/tomvictor/workspace_v6_2/pinInterrupt_CC2650_LAUNCHXL_GNU_CC2650F128/Debug/configPkg/package/cfg/pinInterrupt_pm3g.om3g
                0x0000000000000d10                xdc_runtime_Startup_exec(int0_t)
 .text.xdc_runtime_SysMin_output__I
                0x0000000000000d24       0x24 /Users/tomvictor/workspace_v6_2/pinInterrupt_CC2650_LAUNCHXL_GNU_CC2650F128/Debug/configPkg/package/cfg/pinInterrupt_pm3g.om3g
                0x0000000000000d24                xdc_runtime_SysMin_output(int0_t)
 .text.ti_sysbios_knl_Clock_doTick__I
                0x0000000000000d48       0x18 /Users/tomvictor/workspace_v6_2/pinInterrupt_CC2650_LAUNCHXL_GNU_CC2650F128/Debug/configPkg/package/cfg/pinInterrupt_pm3g.om3g
                0x0000000000000d48                ti_sysbios_knl_Clock_doTick(int0_t)
 .text.ti_sysbios_BIOS_startFunc__I
                0x0000000000000d60       0x2c /Users/tomvictor/workspace_v6_2/pinInterrupt_CC2650_LAUNCHXL_GNU_CC2650F128/Debug/configPkg/package/cfg/pinInterrupt_pm3g.om3g
                0x0000000000000d60                ti_sysbios_BIOS_startFunc(int0_t)
 .text.ti_sysbios_BIOS_atExitFunc__I
                0x0000000000000d8c       0x14 /Users/tomvictor/workspace_v6_2/pinInterrupt_CC2650_LAUNCHXL_GNU_CC2650F128/Debug/configPkg/package/cfg/pinInterrupt_pm3g.om3g
                0x0000000000000d8c                ti_sysbios_BIOS_atExitFunc(int0_t)
 .text.ti_sysbios_BIOS_exitFunc__I
                0x0000000000000da0       0x14 /Users/tomvictor/workspace_v6_2/pinInterrupt_CC2650_LAUNCHXL_GNU_CC2650F128/Debug/configPkg/package/cfg/pinInterrupt_pm3g.om3g
                0x0000000000000da0                ti_sysbios_BIOS_exitFunc(int0_t)
 .text.xdc_runtime_Startup_reset__I
                0x0000000000000db4       0x7c /Users/tomvictor/workspace_v6_2/pinInterrupt_CC2650_LAUNCHXL_GNU_CC2650F128/Debug/configPkg/package/cfg/pinInterrupt_pm3g.om3g
                0x0000000000000db4                xdc_runtime_Startup_reset(int0_t)
 .text.malloc   0x0000000000000e30       0x30 /Users/tomvictor/workspace_v6_2/pinInterrupt_CC2650_LAUNCHXL_GNU_CC2650F128/Debug/configPkg/package/cfg/pinInterrupt_pm3g.om3g
                0x0000000000000e30                malloc
 .text.PIN_swi  0x0000000000000e60       0x48 /Users/tomvictor/ti/tirex-content/tirtos_cc13xx_cc26xx_2_21_00_06/products/tidrivers_cc13xx_cc26xx_2_21_00_04/packages/ti/drivers/lib/drivers_cc26xxware.am3g(PINCC26XX.om3g)
 .text.PIN_hwi  0x0000000000000ea8       0x1c /Users/tomvictor/ti/tirex-content/tirtos_cc13xx_cc26xx_2_21_00_06/products/tidrivers_cc13xx_cc26xx_2_21_00_04/packages/ti/drivers/lib/drivers_cc26xxware.am3g(PINCC26XX.om3g)
 .text.PINCC26XX_setIoCfg
                0x0000000000000ec4       0xf0 /Users/tomvictor/ti/tirex-content/tirtos_cc13xx_cc26xx_2_21_00_06/products/tidrivers_cc13xx_cc26xx_2_21_00_04/packages/ti/drivers/lib/drivers_cc26xxware.am3g(PINCC26XX.om3g)
 .text.PINCC26XX_getPinCount
                0x0000000000000fb4       0x28 /Users/tomvictor/ti/tirex-content/tirtos_cc13xx_cc26xx_2_21_00_06/products/tidrivers_cc13xx_cc26xx_2_21_00_04/packages/ti/drivers/lib/drivers_cc26xxware.am3g(PINCC26XX.om3g)
                0x0000000000000fb4                PINCC26XX_getPinCount
 .text.PIN_init
                0x0000000000000fdc      0x1dc /Users/tomvictor/ti/tirex-content/tirtos_cc13xx_cc26xx_2_21_00_06/products/tidrivers_cc13xx_cc26xx_2_21_00_04/packages/ti/drivers/lib/drivers_cc26xxware.am3g(PINCC26XX.om3g)
                0x0000000000000fdc                PIN_init
 .text.PIN_getInputValue
                0x00000000000011b8       0x14 /Users/tomvictor/ti/tirex-content/tirtos_cc13xx_cc26xx_2_21_00_06/products/tidrivers_cc13xx_cc26xx_2_21_00_04/packages/ti/drivers/lib/drivers_cc26xxware.am3g(PINCC26XX.om3g)
                0x00000000000011b8                PIN_getInputValue
 .text.PIN_setOutputValue
                0x00000000000011cc       0x34 /Users/tomvictor/ti/tirex-content/tirtos_cc13xx_cc26xx_2_21_00_06/products/tidrivers_cc13xx_cc26xx_2_21_00_04/packages/ti/drivers/lib/drivers_cc26xxware.am3g(PINCC26XX.om3g)
                0x00000000000011cc                PIN_setOutputValue
 .text.PIN_getOutputValue
                0x0000000000001200       0x14 /Users/tomvictor/ti/tirex-content/tirtos_cc13xx_cc26xx_2_21_00_06/products/tidrivers_cc13xx_cc26xx_2_21_00_04/packages/ti/drivers/lib/drivers_cc26xxware.am3g(PINCC26XX.om3g)
                0x0000000000001200                PIN_getOutputValue
 .text.PIN_registerIntCb
                0x0000000000001214        0xc /Users/tomvictor/ti/tirex-content/tirtos_cc13xx_cc26xx_2_21_00_06/products/tidrivers_cc13xx_cc26xx_2_21_00_04/packages/ti/drivers/lib/drivers_cc26xxware.am3g(PINCC26XX.om3g)
                0x0000000000001214                PIN_registerIntCb
 .text.PIN_setConfig
                0x0000000000001220       0x30 /Users/tomvictor/ti/tirex-content/tirtos_cc13xx_cc26xx_2_21_00_06/products/tidrivers_cc13xx_cc26xx_2_21_00_04/packages/ti/drivers/lib/drivers_cc26xxware.am3g(PINCC26XX.om3g)
                0x0000000000001220                PIN_setConfig
 .text.PIN_open
                0x0000000000001250       0xbc /Users/tomvictor/ti/tirex-content/tirtos_cc13xx_cc26xx_2_21_00_06/products/tidrivers_cc13xx_cc26xx_2_21_00_04/packages/ti/drivers/lib/drivers_cc26xxware.am3g(PINCC26XX.om3g)
                0x0000000000001250                PIN_open
 .text.emptyClockFunc
                0x000000000000130c        0x4 /Users/tomvictor/ti/tirex-content/tirtos_cc13xx_cc26xx_2_21_00_06/products/tidrivers_cc13xx_cc26xx_2_21_00_04/packages/ti/drivers/lib/drivers_cc26xxware.am3g(PowerCC26XX.om3g)
 .text.nopResourceHandler
                0x0000000000001310        0x4 /Users/tomvictor/ti/tirex-content/tirtos_cc13xx_cc26xx_2_21_00_06/products/tidrivers_cc13xx_cc26xx_2_21_00_04/packages/ti/drivers/lib/drivers_cc26xxware.am3g(PowerCC26XX.om3g)
 .text.configureRFCoreClocks
                0x0000000000001314       0x18 /Users/tomvictor/ti/tirex-content/tirtos_cc13xx_cc26xx_2_21_00_06/products/tidrivers_cc13xx_cc26xx_2_21_00_04/packages/ti/drivers/lib/drivers_cc26xxware.am3g(PowerCC26XX.om3g)
 .text.notify   0x000000000000132c       0x44 /Users/tomvictor/ti/tirex-content/tirtos_cc13xx_cc26xx_2_21_00_06/products/tidrivers_cc13xx_cc26xx_2_21_00_04/packages/ti/drivers/lib/drivers_cc26xxware.am3g(PowerCC26XX.om3g)
 .text.switchXOSCHFclockFunc
                0x0000000000001370       0x98 /Users/tomvictor/ti/tirex-content/tirtos_cc13xx_cc26xx_2_21_00_06/products/tidrivers_cc13xx_cc26xx_2_21_00_04/packages/ti/drivers/lib/drivers_cc26xxware.am3g(PowerCC26XX.om3g)
 .text.configureXOSCHF.part.0
                0x0000000000001408       0x44 /Users/tomvictor/ti/tirex-content/tirtos_cc13xx_cc26xx_2_21_00_06/products/tidrivers_cc13xx_cc26xx_2_21_00_04/packages/ti/drivers/lib/drivers_cc26xxware.am3g(PowerCC26XX.om3g)
 .text.configureXOSCHF
                0x000000000000144c       0x20 /Users/tomvictor/ti/tirex-content/tirtos_cc13xx_cc26xx_2_21_00_06/products/tidrivers_cc13xx_cc26xx_2_21_00_04/packages/ti/drivers/lib/drivers_cc26xxware.am3g(PowerCC26XX.om3g)
 .text.Power_getConstraintMask
                0x000000000000146c        0xc /Users/tomvictor/ti/tirex-content/tirtos_cc13xx_cc26xx_2_21_00_06/products/tidrivers_cc13xx_cc26xx_2_21_00_04/packages/ti/drivers/lib/drivers_cc26xxware.am3g(PowerCC26XX.om3g)
                0x000000000000146c                Power_getConstraintMask
 .text.Power_getTransitionLatency
                0x0000000000001478       0x1c /Users/tomvictor/ti/tirex-content/tirtos_cc13xx_cc26xx_2_21_00_06/products/tidrivers_cc13xx_cc26xx_2_21_00_04/packages/ti/drivers/lib/drivers_cc26xxware.am3g(PowerCC26XX.om3g)
                0x0000000000001478                Power_getTransitionLatency
 .text.Power_idleFunc
                0x0000000000001494       0x18 /Users/tomvictor/ti/tirex-content/tirtos_cc13xx_cc26xx_2_21_00_06/products/tidrivers_cc13xx_cc26xx_2_21_00_04/packages/ti/drivers/lib/drivers_cc26xxware.am3g(PowerCC26XX.om3g)
                0x0000000000001494                Power_idleFunc
 .text.Power_releaseConstraint
                0x00000000000014ac       0x34 /Users/tomvictor/ti/tirex-content/tirtos_cc13xx_cc26xx_2_21_00_06/products/tidrivers_cc13xx_cc26xx_2_21_00_04/packages/ti/drivers/lib/drivers_cc26xxware.am3g(PowerCC26XX.om3g)
                0x00000000000014ac                Power_releaseConstraint
 .text.disableLFClockQualifiers
                0x00000000000014e0       0x80 /Users/tomvictor/ti/tirex-content/tirtos_cc13xx_cc26xx_2_21_00_06/products/tidrivers_cc13xx_cc26xx_2_21_00_04/packages/ti/drivers/lib/drivers_cc26xxware.am3g(PowerCC26XX.om3g)
 .text.Power_releaseDependency
                0x0000000000001560       0xc0 /Users/tomvictor/ti/tirex-content/tirtos_cc13xx_cc26xx_2_21_00_06/products/tidrivers_cc13xx_cc26xx_2_21_00_04/packages/ti/drivers/lib/drivers_cc26xxware.am3g(PowerCC26XX.om3g)
                0x0000000000001560                Power_releaseDependency
 .text.Power_setConstraint
                0x0000000000001620       0x2c /Users/tomvictor/ti/tirex-content/tirtos_cc13xx_cc26xx_2_21_00_06/products/tidrivers_cc13xx_cc26xx_2_21_00_04/packages/ti/drivers/lib/drivers_cc26xxware.am3g(PowerCC26XX.om3g)
                0x0000000000001620                Power_setConstraint
 .text.Power_init
                0x000000000000164c      0x12c /Users/tomvictor/ti/tirex-content/tirtos_cc13xx_cc26xx_2_21_00_06/products/tidrivers_cc13xx_cc26xx_2_21_00_04/packages/ti/drivers/lib/drivers_cc26xxware.am3g(PowerCC26XX.om3g)
                0x000000000000164c                Power_init
 .text.Power_setDependency
                0x0000000000001778       0xc4 /Users/tomvictor/ti/tirex-content/tirtos_cc13xx_cc26xx_2_21_00_06/products/tidrivers_cc13xx_cc26xx_2_21_00_04/packages/ti/drivers/lib/drivers_cc26xxware.am3g(PowerCC26XX.om3g)
                0x0000000000001778                Power_setDependency
 .text.Power_sleep
                0x000000000000183c      0x24c /Users/tomvictor/ti/tirex-content/tirtos_cc13xx_cc26xx_2_21_00_06/products/tidrivers_cc13xx_cc26xx_2_21_00_04/packages/ti/drivers/lib/drivers_cc26xxware.am3g(PowerCC26XX.om3g)
                0x000000000000183c                Power_sleep
 .text.PowerCC26XX_calibrate
                0x0000000000001a88       0x70 /Users/tomvictor/ti/tirex-content/tirtos_cc13xx_cc26xx_2_21_00_06/products/tidrivers_cc13xx_cc26xx_2_21_00_04/packages/ti/drivers/lib/drivers_cc26xxware.am3g(PowerCC26XX.om3g)
                0x0000000000001a88                PowerCC26XX_calibrate
 .text.PowerCC26XX_initiateCalibration
                0x0000000000001af8       0x70 /Users/tomvictor/ti/tirex-content/tirtos_cc13xx_cc26xx_2_21_00_06/products/tidrivers_cc13xx_cc26xx_2_21_00_04/packages/ti/drivers/lib/drivers_cc26xxware.am3g(PowerCC26XX_calibrateRCOSC.om3g)
                0x0000000000001af8                PowerCC26XX_initiateCalibration
 .text.PowerCC26XX_doCalibrate
                0x0000000000001b68      0x1d8 /Users/tomvictor/ti/tirex-content/tirtos_cc13xx_cc26xx_2_21_00_06/products/tidrivers_cc13xx_cc26xx_2_21_00_04/packages/ti/drivers/lib/drivers_cc26xxware.am3g(PowerCC26XX_calibrateRCOSC.om3g)
                0x0000000000001b68                PowerCC26XX_doCalibrate
 .text.PowerCC26XX_auxISR
                0x0000000000001d40      0x32c /Users/tomvictor/ti/tirex-content/tirtos_cc13xx_cc26xx_2_21_00_06/products/tidrivers_cc13xx_cc26xx_2_21_00_04/packages/ti/drivers/lib/drivers_cc26xxware.am3g(PowerCC26XX_calibrateRCOSC.om3g)
                0x0000000000001d40                PowerCC26XX_auxISR
 .text.PowerCC26XX_RCOSC_clockFunc
                0x000000000000206c       0x80 /Users/tomvictor/ti/tirex-content/tirtos_cc13xx_cc26xx_2_21_00_06/products/tidrivers_cc13xx_cc26xx_2_21_00_04/packages/ti/drivers/lib/drivers_cc26xxware.am3g(PowerCC26XX_calibrateRCOSC.om3g)
                0x000000000000206c                PowerCC26XX_RCOSC_clockFunc
 .text.List_empty
                0x00000000000020ec        0xc /Users/tomvictor/ti/tirex-content/tirtos_cc13xx_cc26xx_2_21_00_06/products/tidrivers_cc13xx_cc26xx_2_21_00_04/packages/ti/drivers/lib/drivers_cc26xxware.am3g(List.om3g)
                0x00000000000020ec                List_empty
 .text.List_head
                0x00000000000020f8        0x4 /Users/tomvictor/ti/tirex-content/tirtos_cc13xx_cc26xx_2_21_00_06/products/tidrivers_cc13xx_cc26xx_2_21_00_04/packages/ti/drivers/lib/drivers_cc26xxware.am3g(List.om3g)
                0x00000000000020f8                List_head
 .text.List_next
                0x00000000000020fc        0x4 /Users/tomvictor/ti/tirex-content/tirtos_cc13xx_cc26xx_2_21_00_06/products/tidrivers_cc13xx_cc26xx_2_21_00_04/packages/ti/drivers/lib/drivers_cc26xxware.am3g(List.om3g)
                0x00000000000020fc                List_next
 .text.PowerCC26XX_standbyPolicy
                0x0000000000002100       0xd4 /Users/tomvictor/ti/tirex-content/tirtos_cc13xx_cc26xx_2_21_00_06/products/tidrivers_cc13xx_cc26xx_2_21_00_04/packages/ti/drivers/lib/power_cc26xx_tirtos.am3g(PowerCC26XX_tirtos.om3g)
                0x0000000000002100                PowerCC26XX_standbyPolicy
 .text.ti_sysbios_BIOS_linkedWithIncorrectBootLibrary__E
                0x00000000000021d4        0x2 /Users/tomvictor/workspace_v6_2/pinInterrupt_CC2650_LAUNCHXL_GNU_CC2650F128/src/sysbios/rom_sysbios.am3g(_BIOS.o)
                0x00000000000021d4                ti_sysbios_BIOS_linkedWithIncorrectBootLibrary__E
 *fill*         0x00000000000021d6        0x2 
 .text.ti_sysbios_knl_Clock_getTicksUntilInterrupt__E
                0x00000000000021d8       0x2c /Users/tomvictor/workspace_v6_2/pinInterrupt_CC2650_LAUNCHXL_GNU_CC2650F128/src/sysbios/rom_sysbios.am3g(knl_Clock.o)
                0x00000000000021d8                ti_sysbios_knl_Clock_getTicksUntilInterrupt__E
 .text.ti_sysbios_knl_Clock_workFuncDynamic__E
                0x0000000000002204       0x9c /Users/tomvictor/workspace_v6_2/pinInterrupt_CC2650_LAUNCHXL_GNU_CC2650F128/src/sysbios/rom_sysbios.am3g(knl_Clock.o)
                0x0000000000002204                ti_sysbios_knl_Clock_workFuncDynamic__E
 .text.ti_sysbios_knl_Clock_stop__E
                0x00000000000022a0       0x20 /Users/tomvictor/workspace_v6_2/pinInterrupt_CC2650_LAUNCHXL_GNU_CC2650F128/src/sysbios/rom_sysbios.am3g(knl_Clock.o)
                0x00000000000022a0                ti_sysbios_knl_Clock_stop__E
 .text.ti_sysbios_knl_Clock_triggerFunc__I
                0x00000000000022c0        0x2 /Users/tomvictor/workspace_v6_2/pinInterrupt_CC2650_LAUNCHXL_GNU_CC2650F128/src/sysbios/rom_sysbios.am3g(knl_Clock.o)
                0x00000000000022c0                ti_sysbios_knl_Clock_triggerFunc(int0_t)
 *fill*         0x00000000000022c2        0x2 
 .text.ti_sysbios_knl_Swi_getTrigger__E
                0x00000000000022c4        0xc /Users/tomvictor/workspace_v6_2/pinInterrupt_CC2650_LAUNCHXL_GNU_CC2650F128/src/sysbios/rom_sysbios.am3g(knl_Swi.o)
                0x00000000000022c4                ti_sysbios_knl_Swi_getTrigger__E
 .text.ti_sysbios_knl_Swi_or__E
                0x00000000000022d0       0x1e /Users/tomvictor/workspace_v6_2/pinInterrupt_CC2650_LAUNCHXL_GNU_CC2650F128/src/sysbios/rom_sysbios.am3g(knl_Swi.o)
                0x00000000000022d0                ti_sysbios_knl_Swi_or__E
 .text.ti_sysbios_family_arm_cc26xx_Boot_trimDevice
                0x00000000000022ee        0x4 /Users/tomvictor/workspace_v6_2/pinInterrupt_CC2650_LAUNCHXL_GNU_CC2650F128/src/sysbios/rom_sysbios.am3g(cc26xx_Boot.o)
                0x00000000000022ee                ti_sysbios_family_arm_cc26xx_Boot_trimDevice
 .text.ti_sysbios_family_arm_cc26xx_Timer_getMaxTicks__E
                0x00000000000022f2       0x20 /Users/tomvictor/workspace_v6_2/pinInterrupt_CC2650_LAUNCHXL_GNU_CC2650F128/src/sysbios/rom_sysbios.am3g(cc26xx_Timer.o)
                0x00000000000022f2                ti_sysbios_family_arm_cc26xx_Timer_getMaxTicks__E
 *fill*         0x0000000000002312        0x2 
 .text.ti_sysbios_family_arm_cc26xx_Timer_setThreshold__I
                0x0000000000002314       0x30 /Users/tomvictor/workspace_v6_2/pinInterrupt_CC2650_LAUNCHXL_GNU_CC2650F128/src/sysbios/rom_sysbios.am3g(cc26xx_Timer.o)
                0x0000000000002314                ti_sysbios_family_arm_cc26xx_Timer_setThreshold(int0_t)
 .text.ti_sysbios_family_arm_cc26xx_Timer_setNextTick__E
                0x0000000000002344       0x2a /Users/tomvictor/workspace_v6_2/pinInterrupt_CC2650_LAUNCHXL_GNU_CC2650F128/src/sysbios/rom_sysbios.am3g(cc26xx_Timer.o)
                0x0000000000002344                ti_sysbios_family_arm_cc26xx_Timer_setNextTick__E
 *fill*         0x000000000000236e        0x2 
 .text.ti_sysbios_family_arm_cc26xx_Timer_start__E
                0x0000000000002370       0x7c /Users/tomvictor/workspace_v6_2/pinInterrupt_CC2650_LAUNCHXL_GNU_CC2650F128/src/sysbios/rom_sysbios.am3g(cc26xx_Timer.o)
                0x0000000000002370                ti_sysbios_family_arm_cc26xx_Timer_start__E
 .text.ti_sysbios_family_arm_cc26xx_Timer_getCount64__E
                0x00000000000023ec        0x4 /Users/tomvictor/workspace_v6_2/pinInterrupt_CC2650_LAUNCHXL_GNU_CC2650F128/src/sysbios/rom_sysbios.am3g(cc26xx_Timer.o)
                0x00000000000023ec                ti_sysbios_family_arm_cc26xx_Timer_getCount64__E
 .text.ti_sysbios_family_arm_cc26xx_Timer_dynamicStub__E
                0x00000000000023f0       0x18 /Users/tomvictor/workspace_v6_2/pinInterrupt_CC2650_LAUNCHXL_GNU_CC2650F128/src/sysbios/rom_sysbios.am3g(cc26xx_Timer.o)
                0x00000000000023f0                ti_sysbios_family_arm_cc26xx_Timer_dynamicStub__E
 .text.ti_sysbios_family_arm_cc26xx_Timer_getCurrentTick__E
                0x0000000000002408       0x2a /Users/tomvictor/workspace_v6_2/pinInterrupt_CC2650_LAUNCHXL_GNU_CC2650F128/src/sysbios/rom_sysbios.am3g(cc26xx_Timer.o)
                0x0000000000002408                ti_sysbios_family_arm_cc26xx_Timer_getCurrentTick__E
 *fill*         0x0000000000002432        0x2 
 .text.ti_sysbios_family_arm_cc26xx_Timer_initDevice__I
                0x0000000000002434       0x3c /Users/tomvictor/workspace_v6_2/pinInterrupt_CC2650_LAUNCHXL_GNU_CC2650F128/src/sysbios/rom_sysbios.am3g(cc26xx_Timer.o)
                0x0000000000002434                ti_sysbios_family_arm_cc26xx_Timer_initDevice(int0_t)
 .text.ti_sysbios_family_arm_cc26xx_TimestampProvider_get32__E
                0x0000000000002470       0x18 /Users/tomvictor/workspace_v6_2/pinInterrupt_CC2650_LAUNCHXL_GNU_CC2650F128/src/sysbios/rom_sysbios.am3g(cc26xx_TimestampProvider.o)
                0x0000000000002470                ti_sysbios_family_arm_cc26xx_TimestampProvider_get32__E
 .text.ti_sysbios_rts_gnu_ReentSupport_Module_startup__E
                0x0000000000002488       0x22 /Users/tomvictor/workspace_v6_2/pinInterrupt_CC2650_LAUNCHXL_GNU_CC2650F128/src/sysbios/rom_sysbios.am3g(gnu_ReentSupport.o)
                0x0000000000002488                ti_sysbios_rts_gnu_ReentSupport_Module_startup__E
 *fill*         0x00000000000024aa        0x2 
 .text.xdc_runtime_Startup_rtsDone__E
                0x00000000000024ac        0xc /Users/tomvictor/workspace_v6_2/pinInterrupt_CC2650_LAUNCHXL_GNU_CC2650F128/src/sysbios/rom_sysbios.am3g(runtime_Startup.o)
                0x00000000000024ac                xdc_runtime_Startup_rtsDone__E
 .text.xdc_runtime_SysCallback_defaultAbort
                0x00000000000024b8        0x2 /Users/tomvictor/workspace_v6_2/pinInterrupt_CC2650_LAUNCHXL_GNU_CC2650F128/src/sysbios/rom_sysbios.am3g(runtime_SysCallback.o)
                0x00000000000024b8                xdc_runtime_SysCallback_defaultAbort
 .text.xdc_runtime_SysCallback_defaultExit
                0x00000000000024ba        0x2 /Users/tomvictor/workspace_v6_2/pinInterrupt_CC2650_LAUNCHXL_GNU_CC2650F128/src/sysbios/rom_sysbios.am3g(runtime_SysCallback.o)
                0x00000000000024ba                xdc_runtime_SysCallback_defaultExit
 .text.xdc_runtime_SysMin_Module_startup__E
                0x00000000000024bc       0x20 /Users/tomvictor/workspace_v6_2/pinInterrupt_CC2650_LAUNCHXL_GNU_CC2650F128/src/sysbios/rom_sysbios.am3g(runtime_SysMin.o)
                0x00000000000024bc                xdc_runtime_SysMin_Module_startup__E
 .text.xdc_runtime_SysMin_putch__E
                0x00000000000024dc       0x44 /Users/tomvictor/workspace_v6_2/pinInterrupt_CC2650_LAUNCHXL_GNU_CC2650F128/src/sysbios/rom_sysbios.am3g(runtime_SysMin.o)
                0x00000000000024dc                xdc_runtime_SysMin_putch__E
 .text.xdc_runtime_SysMin_flush__E
                0x0000000000002520       0x50 /Users/tomvictor/workspace_v6_2/pinInterrupt_CC2650_LAUNCHXL_GNU_CC2650F128/src/sysbios/rom_sysbios.am3g(runtime_SysMin.o)
                0x0000000000002520                xdc_runtime_SysMin_flush__E
 .text.xdc_runtime_SysMin_abort__E
                0x0000000000002570       0x34 /Users/tomvictor/workspace_v6_2/pinInterrupt_CC2650_LAUNCHXL_GNU_CC2650F128/src/sysbios/rom_sysbios.am3g(runtime_SysMin.o)
                0x0000000000002570                xdc_runtime_SysMin_abort__E
 .text.xdc_runtime_SysMin_exit__E
                0x00000000000025a4       0x1c /Users/tomvictor/workspace_v6_2/pinInterrupt_CC2650_LAUNCHXL_GNU_CC2650F128/src/sysbios/rom_sysbios.am3g(runtime_SysMin.o)
                0x00000000000025a4                xdc_runtime_SysMin_exit__E
 .text.startupC
                0x00000000000025c0       0x98 /Users/tomvictor/ti/tirex-content/tirtos_cc13xx_cc26xx_2_21_00_06/products/bios_6_46_01_37/packages/gnu/targets/arm/rtsv7M/lib/boot.am3g(startup.om3g)
                0x00000000000025c0                startupC
 .text._fini    0x0000000000002658        0x4 /Users/tomvictor/ti/tirex-content/tirtos_cc13xx_cc26xx_2_21_00_06/products/bios_6_46_01_37/packages/gnu/targets/arm/rtsv7M/lib/boot.am3g(startup.om3g)
                0x0000000000002658                _fini
 .text._exit    0x000000000000265c        0x4 /Users/tomvictor/ti/tirex-content/tirtos_cc13xx_cc26xx_2_21_00_06/products/bios_6_46_01_37/packages/gnu/targets/arm/rtsv7M/lib/syscalls.am3g(syscalls.om3g)
                0x000000000000265c                C$$EXIT
                0x000000000000265c                _exit
 .text.SafeHapiVoid
                0x0000000000002660       0x28 /Users/tomvictor/ti/tirex-content/tirtos_cc13xx_cc26xx_2_21_00_06/products/cc26xxware_2_24_03_17272/driverlib/bin/gcc/driverlib.lib(adi.o)
                0x0000000000002660                SafeHapiVoid
 .text.NOROM_AONBatMonTemperatureGetDegC
                0x0000000000002688       0x30 /Users/tomvictor/ti/tirex-content/tirtos_cc13xx_cc26xx_2_21_00_06/products/cc26xxware_2_24_03_17272/driverlib/bin/gcc/driverlib.lib(aon_batmon.o)
                0x0000000000002688                NOROM_AONBatMonTemperatureGetDegC
 .text.NOROM_AONRTCCurrentCompareValueGet
                0x00000000000026b8       0x20 /Users/tomvictor/ti/tirex-content/tirtos_cc13xx_cc26xx_2_21_00_06/products/cc26xxware_2_24_03_17272/driverlib/bin/gcc/driverlib.lib(aon_rtc.o)
                0x00000000000026b8                NOROM_AONRTCCurrentCompareValueGet
 .text.NOROM_AONRTCCurrent64BitValueGet
                0x00000000000026d8       0x18 /Users/tomvictor/ti/tirex-content/tirtos_cc13xx_cc26xx_2_21_00_06/products/cc26xxware_2_24_03_17272/driverlib/bin/gcc/driverlib.lib(aon_rtc.o)
                0x00000000000026d8                NOROM_AONRTCCurrent64BitValueGet
 .text.NOROM_ChipInfo_GetPackageType
                0x00000000000026f0       0x18 /Users/tomvictor/ti/tirex-content/tirtos_cc13xx_cc26xx_2_21_00_06/products/cc26xxware_2_24_03_17272/driverlib/bin/gcc/driverlib.lib(chipinfo.o)
                0x00000000000026f0                NOROM_ChipInfo_GetPackageType
 .text.NOROM_ChipInfo_GetChipFamily
                0x0000000000002708       0x4c /Users/tomvictor/ti/tirex-content/tirtos_cc13xx_cc26xx_2_21_00_06/products/cc26xxware_2_24_03_17272/driverlib/bin/gcc/driverlib.lib(chipinfo.o)
                0x0000000000002708                NOROM_ChipInfo_GetChipFamily
 .text.NOROM_ChipInfo_GetHwRevision
                0x0000000000002754       0x6c /Users/tomvictor/ti/tirex-content/tirtos_cc13xx_cc26xx_2_21_00_06/products/cc26xxware_2_24_03_17272/driverlib/bin/gcc/driverlib.lib(chipinfo.o)
                0x0000000000002754                NOROM_ChipInfo_GetHwRevision
 .text.NOROM_ThisCodeIsBuiltForCC26xxHwRev22AndLater_HaltIfViolated
                0x00000000000027c0       0x14 /Users/tomvictor/ti/tirex-content/tirtos_cc13xx_cc26xx_2_21_00_06/products/cc26xxware_2_24_03_17272/driverlib/bin/gcc/driverlib.lib(chipinfo.o)
                0x00000000000027c0                NOROM_ThisCodeIsBuiltForCC26xxHwRev22AndLater_HaltIfViolated
 .text.NOROM_CPUcpsid
                0x00000000000027d4        0x8 /Users/tomvictor/ti/tirex-content/tirtos_cc13xx_cc26xx_2_21_00_06/products/cc26xxware_2_24_03_17272/driverlib/bin/gcc/driverlib.lib(cpu.o)
                0x00000000000027d4                NOROM_CPUcpsid
 .text.NOROM_CPUcpsie
                0x00000000000027dc        0x8 /Users/tomvictor/ti/tirex-content/tirtos_cc13xx_cc26xx_2_21_00_06/products/cc26xxware_2_24_03_17272/driverlib/bin/gcc/driverlib.lib(cpu.o)
                0x00000000000027dc                NOROM_CPUcpsie
 .text.NOROM_CPUdelay
                0x00000000000027e4        0x8 /Users/tomvictor/ti/tirex-content/tirtos_cc13xx_cc26xx_2_21_00_06/products/cc26xxware_2_24_03_17272/driverlib/bin/gcc/driverlib.lib(cpu.o)
                0x00000000000027e4                NOROM_CPUdelay
 .text.AuxAdiDdiSafeWrite.constprop.1
                0x00000000000027ec       0x28 /Users/tomvictor/ti/tirex-content/tirtos_cc13xx_cc26xx_2_21_00_06/products/cc26xxware_2_24_03_17272/driverlib/bin/gcc/driverlib.lib(ddi.o)
 .text.NOROM_DDI32RegWrite
                0x0000000000002814        0x8 /Users/tomvictor/ti/tirex-content/tirtos_cc13xx_cc26xx_2_21_00_06/products/cc26xxware_2_24_03_17272/driverlib/bin/gcc/driverlib.lib(ddi.o)
                0x0000000000002814                NOROM_DDI32RegWrite
 .text.NOROM_DDI16BitfieldWrite
                0x000000000000281c       0x2e /Users/tomvictor/ti/tirex-content/tirtos_cc13xx_cc26xx_2_21_00_06/products/cc26xxware_2_24_03_17272/driverlib/bin/gcc/driverlib.lib(ddi.o)
                0x000000000000281c                NOROM_DDI16BitfieldWrite
 *fill*         0x000000000000284a        0x2 
 .text.NOROM_DDI16BitfieldRead
                0x000000000000284c       0x40 /Users/tomvictor/ti/tirex-content/tirtos_cc13xx_cc26xx_2_21_00_06/products/cc26xxware_2_24_03_17272/driverlib/bin/gcc/driverlib.lib(ddi.o)
                0x000000000000284c                NOROM_DDI16BitfieldRead
 .text.NOROM_OSCClockSourceSet
                0x000000000000288c       0x4c /Users/tomvictor/ti/tirex-content/tirtos_cc13xx_cc26xx_2_21_00_06/products/cc26xxware_2_24_03_17272/driverlib/bin/gcc/driverlib.lib(osc.o)
                0x000000000000288c                NOROM_OSCClockSourceSet
 .text.NOROM_OSCClockSourceGet
                0x00000000000028d8       0x24 /Users/tomvictor/ti/tirex-content/tirtos_cc13xx_cc26xx_2_21_00_06/products/cc26xxware_2_24_03_17272/driverlib/bin/gcc/driverlib.lib(osc.o)
                0x00000000000028d8                NOROM_OSCClockSourceGet
 .text.NOROM_OSCHF_TurnOnXosc
                0x00000000000028fc       0x18 /Users/tomvictor/ti/tirex-content/tirtos_cc13xx_cc26xx_2_21_00_06/products/cc26xxware_2_24_03_17272/driverlib/bin/gcc/driverlib.lib(osc.o)
                0x00000000000028fc                NOROM_OSCHF_TurnOnXosc
 .text.NOROM_OSCHF_AttemptToSwitchToXosc
                0x0000000000002914       0x58 /Users/tomvictor/ti/tirex-content/tirtos_cc13xx_cc26xx_2_21_00_06/products/cc26xxware_2_24_03_17272/driverlib/bin/gcc/driverlib.lib(osc.o)
                0x0000000000002914                NOROM_OSCHF_AttemptToSwitchToXosc
 .text.NOROM_OSCHF_SwitchToRcOscTurnOffXosc
                0x000000000000296c       0x34 /Users/tomvictor/ti/tirex-content/tirtos_cc13xx_cc26xx_2_21_00_06/products/cc26xxware_2_24_03_17272/driverlib/bin/gcc/driverlib.lib(osc.o)
                0x000000000000296c                NOROM_OSCHF_SwitchToRcOscTurnOffXosc
 .text.NOROM_OSC_HPOSCRelativeFrequencyOffsetGet
                0x00000000000029a0       0x38 /Users/tomvictor/ti/tirex-content/tirtos_cc13xx_cc26xx_2_21_00_06/products/cc26xxware_2_24_03_17272/driverlib/bin/gcc/driverlib.lib(osc.o)
                0x00000000000029a0                NOROM_OSC_HPOSCRelativeFrequencyOffsetGet
 .text.TrimAfterColdResetWakeupFromShutDown
                0x00000000000029d8       0xd8 /Users/tomvictor/ti/tirex-content/tirtos_cc13xx_cc26xx_2_21_00_06/products/cc26xxware_2_24_03_17272/driverlib/bin/gcc/driverlib.lib(setup.o)
 .text.NOROM_SetupTrimDevice
                0x0000000000002ab0       0xa4 /Users/tomvictor/ti/tirex-content/tirtos_cc13xx_cc26xx_2_21_00_06/products/cc26xxware_2_24_03_17272/driverlib/bin/gcc/driverlib.lib(setup.o)
                0x0000000000002ab0                NOROM_SetupTrimDevice
 .text.NOROM_SetupAfterColdResetWakeupFromShutDownCfg1
                0x0000000000002b54       0x78 /Users/tomvictor/ti/tirex-content/tirtos_cc13xx_cc26xx_2_21_00_06/products/cc26xxware_2_24_03_17272/driverlib/bin/gcc/driverlib.lib(setup_rom.o)
                0x0000000000002b54                NOROM_SetupAfterColdResetWakeupFromShutDownCfg1
 .text.NOROM_SetupGetTrimForAnabypassValue1
                0x0000000000002bcc       0x5c /Users/tomvictor/ti/tirex-content/tirtos_cc13xx_cc26xx_2_21_00_06/products/cc26xxware_2_24_03_17272/driverlib/bin/gcc/driverlib.lib(setup_rom.o)
                0x0000000000002bcc                NOROM_SetupGetTrimForAnabypassValue1
 .text.NOROM_SetupGetTrimForRcOscLfRtuneCtuneTrim
                0x0000000000002c28       0x18 /Users/tomvictor/ti/tirex-content/tirtos_cc13xx_cc26xx_2_21_00_06/products/cc26xxware_2_24_03_17272/driverlib/bin/gcc/driverlib.lib(setup_rom.o)
                0x0000000000002c28                NOROM_SetupGetTrimForRcOscLfRtuneCtuneTrim
 .text.NOROM_SetupGetTrimForAmpcompTh2
                0x0000000000002c40       0x10 /Users/tomvictor/ti/tirex-content/tirtos_cc13xx_cc26xx_2_21_00_06/products/cc26xxware_2_24_03_17272/driverlib/bin/gcc/driverlib.lib(setup_rom.o)
                0x0000000000002c40                NOROM_SetupGetTrimForAmpcompTh2
 .text.NOROM_SetupGetTrimForAmpcompTh1
                0x0000000000002c50       0x14 /Users/tomvictor/ti/tirex-content/tirtos_cc13xx_cc26xx_2_21_00_06/products/cc26xxware_2_24_03_17272/driverlib/bin/gcc/driverlib.lib(setup_rom.o)
                0x0000000000002c50                NOROM_SetupGetTrimForAmpcompTh1
 .text.NOROM_SetupGetTrimForAmpcompCtrl
                0x0000000000002c64       0x64 /Users/tomvictor/ti/tirex-content/tirtos_cc13xx_cc26xx_2_21_00_06/products/cc26xxware_2_24_03_17272/driverlib/bin/gcc/driverlib.lib(setup_rom.o)
                0x0000000000002c64                NOROM_SetupGetTrimForAmpcompCtrl
 .text.NOROM_SetupGetTrimForDblrLoopFilterResetVoltage
                0x0000000000002cc8       0x14 /Users/tomvictor/ti/tirex-content/tirtos_cc13xx_cc26xx_2_21_00_06/products/cc26xxware_2_24_03_17272/driverlib/bin/gcc/driverlib.lib(setup_rom.o)
                0x0000000000002cc8                NOROM_SetupGetTrimForDblrLoopFilterResetVoltage
 .text.NOROM_SetupGetTrimForAdcShModeEn
                0x0000000000002cdc       0x14 /Users/tomvictor/ti/tirex-content/tirtos_cc13xx_cc26xx_2_21_00_06/products/cc26xxware_2_24_03_17272/driverlib/bin/gcc/driverlib.lib(setup_rom.o)
                0x0000000000002cdc                NOROM_SetupGetTrimForAdcShModeEn
 .text.NOROM_SetupGetTrimForAdcShVbufEn
                0x0000000000002cf0       0x14 /Users/tomvictor/ti/tirex-content/tirtos_cc13xx_cc26xx_2_21_00_06/products/cc26xxware_2_24_03_17272/driverlib/bin/gcc/driverlib.lib(setup_rom.o)
                0x0000000000002cf0                NOROM_SetupGetTrimForAdcShVbufEn
 .text.NOROM_SetupGetTrimForXoscHfCtl
                0x0000000000002d04       0x28 /Users/tomvictor/ti/tirex-content/tirtos_cc13xx_cc26xx_2_21_00_06/products/cc26xxware_2_24_03_17272/driverlib/bin/gcc/driverlib.lib(setup_rom.o)
                0x0000000000002d04                NOROM_SetupGetTrimForXoscHfCtl
 .text.NOROM_SetupGetTrimForXoscHfFastStart
                0x0000000000002d2c       0x10 /Users/tomvictor/ti/tirex-content/tirtos_cc13xx_cc26xx_2_21_00_06/products/cc26xxware_2_24_03_17272/driverlib/bin/gcc/driverlib.lib(setup_rom.o)
                0x0000000000002d2c                NOROM_SetupGetTrimForXoscHfFastStart
 .text.NOROM_SetupGetTrimForRadcExtCfg
                0x0000000000002d3c       0x2c /Users/tomvictor/ti/tirex-content/tirtos_cc13xx_cc26xx_2_21_00_06/products/cc26xxware_2_24_03_17272/driverlib/bin/gcc/driverlib.lib(setup_rom.o)
                0x0000000000002d3c                NOROM_SetupGetTrimForRadcExtCfg
 .text.NOROM_SetupGetTrimForRcOscLfIBiasTrim
                0x0000000000002d68       0x14 /Users/tomvictor/ti/tirex-content/tirtos_cc13xx_cc26xx_2_21_00_06/products/cc26xxware_2_24_03_17272/driverlib/bin/gcc/driverlib.lib(setup_rom.o)
                0x0000000000002d68                NOROM_SetupGetTrimForRcOscLfIBiasTrim
 .text.NOROM_SetupGetTrimForXoscLfRegulatorAndCmirrwrRatio
                0x0000000000002d7c       0x14 /Users/tomvictor/ti/tirex-content/tirtos_cc13xx_cc26xx_2_21_00_06/products/cc26xxware_2_24_03_17272/driverlib/bin/gcc/driverlib.lib(setup_rom.o)
                0x0000000000002d7c                NOROM_SetupGetTrimForXoscLfRegulatorAndCmirrwrRatio
 .text.NOROM_SetupAfterColdResetWakeupFromShutDownCfg2
                0x0000000000002d90      0x108 /Users/tomvictor/ti/tirex-content/tirtos_cc13xx_cc26xx_2_21_00_06/products/cc26xxware_2_24_03_17272/driverlib/bin/gcc/driverlib.lib(setup_rom.o)
                0x0000000000002d90                NOROM_SetupAfterColdResetWakeupFromShutDownCfg2
 .text.NOROM_SetupSetCacheModeAccordingToCcfgSetting
                0x0000000000002e98       0x64 /Users/tomvictor/ti/tirex-content/tirtos_cc13xx_cc26xx_2_21_00_06/products/cc26xxware_2_24_03_17272/driverlib/bin/gcc/driverlib.lib(setup_rom.o)
                0x0000000000002e98                NOROM_SetupSetCacheModeAccordingToCcfgSetting
 .text.NOROM_SetupSetAonRtcSubSecInc
                0x0000000000002efc       0x28 /Users/tomvictor/ti/tirex-content/tirtos_cc13xx_cc26xx_2_21_00_06/products/cc26xxware_2_24_03_17272/driverlib/bin/gcc/driverlib.lib(setup_rom.o)
                0x0000000000002efc                NOROM_SetupSetAonRtcSubSecInc
 .text.NOROM_SetupAfterColdResetWakeupFromShutDownCfg3
                0x0000000000002f24      0x150 /Users/tomvictor/ti/tirex-content/tirtos_cc13xx_cc26xx_2_21_00_06/products/cc26xxware_2_24_03_17272/driverlib/bin/gcc/driverlib.lib(setup_rom.o)
                0x0000000000002f24                NOROM_SetupAfterColdResetWakeupFromShutDownCfg3
 .text.NOROM_SysCtrlSetRechargeBeforePowerDown
                0x0000000000003074      0x1fc /Users/tomvictor/ti/tirex-content/tirtos_cc13xx_cc26xx_2_21_00_06/products/cc26xxware_2_24_03_17272/driverlib/bin/gcc/driverlib.lib(sys_ctrl.o)
                0x0000000000003074                NOROM_SysCtrlSetRechargeBeforePowerDown
 .text.NOROM_SysCtrlAdjustRechargeAfterPowerDown
                0x0000000000003270       0x60 /Users/tomvictor/ti/tirex-content/tirtos_cc13xx_cc26xx_2_21_00_06/products/cc26xxware_2_24_03_17272/driverlib/bin/gcc/driverlib.lib(sys_ctrl.o)
                0x0000000000003270                NOROM_SysCtrlAdjustRechargeAfterPowerDown
 .text.NOROM_SysCtrl_DCDC_VoltageConditionalControl
                0x00000000000032d0       0x78 /Users/tomvictor/ti/tirex-content/tirtos_cc13xx_cc26xx_2_21_00_06/products/cc26xxware_2_24_03_17272/driverlib/bin/gcc/driverlib.lib(sys_ctrl.o)
                0x00000000000032d0                NOROM_SysCtrl_DCDC_VoltageConditionalControl
 .text.NOROM_VIMSModeGet
                0x0000000000003348        0xe /Users/tomvictor/ti/tirex-content/tirtos_cc13xx_cc26xx_2_21_00_06/products/cc26xxware_2_24_03_17272/driverlib/bin/gcc/driverlib.lib(vims.o)
                0x0000000000003348                NOROM_VIMSModeGet
 *fill*         0x0000000000003356        0x2 
 .text._write   0x0000000000003358       0x14 /Users/tomvictor/ti/tirex-content/tirtos_cc13xx_cc26xx_2_21_00_06/products/bios_6_46_01_37/packages/gnu/targets/arm/libs/install-native/arm-none-eabi/lib/armv7-m/libnosys.a(write.o)
                0x0000000000003358                _write
 .text.memset   0x000000000000336c      0x12c /Users/tomvictor/ti/tirex-content/tirtos_cc13xx_cc26xx_2_21_00_06/products/bios_6_46_01_37/packages/gnu/targets/arm/libs/install-native/arm-none-eabi/lib/armv7-m/libc.a(lib_a-memset.o)
                0x000000000000336c                memset
 .text.startup.register_fini
                0x0000000000003498       0x14 /Users/tomvictor/ti/tirex-content/tirtos_cc13xx_cc26xx_2_21_00_06/products/bios_6_46_01_37/packages/gnu/targets/arm/libs/install-native/arm-none-eabi/lib/armv7-m/libc.a(lib_a-__call_atexit.o)
 .text.atexit   0x00000000000034ac        0xc /Users/tomvictor/ti/tirex-content/tirtos_cc13xx_cc26xx_2_21_00_06/products/bios_6_46_01_37/packages/gnu/targets/arm/libs/install-native/arm-none-eabi/lib/armv7-m/libc.a(lib_a-atexit.o)
                0x00000000000034ac                atexit
 .text.__libc_fini_array
                0x00000000000034b8       0x50 /Users/tomvictor/ti/tirex-content/tirtos_cc13xx_cc26xx_2_21_00_06/products/bios_6_46_01_37/packages/gnu/targets/arm/libs/install-native/arm-none-eabi/lib/armv7-m/libc.a(lib_a-fini.o)
                0x00000000000034b8                __libc_fini_array
 .text.__libc_lock_acquire_recursive
                0x0000000000003508        0x4 /Users/tomvictor/ti/tirex-content/tirtos_cc13xx_cc26xx_2_21_00_06/products/bios_6_46_01_37/packages/gnu/targets/arm/libs/install-native/arm-none-eabi/lib/armv7-m/libc.a(lib_a-lock.o)
                0x0000000000003508                __libc_lock_acquire_recursive
 .text.__libc_lock_release_recursive
                0x000000000000350c        0x4 /Users/tomvictor/ti/tirex-content/tirtos_cc13xx_cc26xx_2_21_00_06/products/bios_6_46_01_37/packages/gnu/targets/arm/libs/install-native/arm-none-eabi/lib/armv7-m/libc.a(lib_a-lock.o)
                0x000000000000350c                __libc_lock_release_recursive
 .text.__register_exitproc
                0x0000000000003510       0xbc /Users/tomvictor/ti/tirex-content/tirtos_cc13xx_cc26xx_2_21_00_06/products/bios_6_46_01_37/packages/gnu/targets/arm/libs/install-native/arm-none-eabi/lib/armv7-m/libc.a(lib_a-__atexit.o)
                0x0000000000003510                __register_exitproc
 *fill*         0x00000000000035cc        0x4 
 .text.__register_exitproc.__stub
                0x00000000000035d0      0x270 linker stubs
                0x0000000000003840                . = ALIGN (0x4)
 *(.ctors)
                0x0000000000003840                . = ALIGN (0x4)
 *(.dtors)
                0x0000000000003840                . = ALIGN (0x4)
                0x0000000000003840                __init_array_start = .
 *(.init_array*)
 .init_array.00000
                0x0000000000003840        0x4 /Users/tomvictor/ti/tirex-content/tirtos_cc13xx_cc26xx_2_21_00_06/products/bios_6_46_01_37/packages/gnu/targets/arm/libs/install-native/arm-none-eabi/lib/armv7-m/libc.a(lib_a-__call_atexit.o)
                0x0000000000003844                __init_array_end = .
 *(.init)
 *(.fini*)
                0x0000000000003844                PROVIDE (__etext, .)
                0x0000000000003844                PROVIDE (_etext, .)
                0x0000000000003844                PROVIDE (etext, .)

.glue_7         0x0000000000003844        0x0
 .glue_7        0x0000000000000000        0x0 linker stubs

.glue_7t        0x0000000000003844        0x0
 .glue_7t       0x0000000000000000        0x0 linker stubs

.vfp11_veneer   0x0000000000003844        0x0
 .vfp11_veneer  0x0000000000000000        0x0 linker stubs

.v4_bx          0x0000000000003844        0x0
 .v4_bx         0x0000000000000000        0x0 linker stubs

.iplt           0x0000000000003844        0x0
 .iplt          0x0000000000000000        0x0 ./CC2650_LAUNCHXL.o

.c_int00        0x0000000000003844       0x34
 .c_int00       0x0000000000003844       0x34 /Users/tomvictor/ti/tirex-content/tirtos_cc13xx_cc26xx_2_21_00_06/products/bios_6_46_01_37/packages/gnu/targets/arm/rtsv7M/lib/boot.am3g(boot.om3g)
                0x0000000000003844                _c_int00
                0x0000000000003862                _reset_fxns_done_

.rodata         0x0000000000003878      0x164
 *(.rodata)
 *(.rodata.*)
 .rodata.PowerCC26XX_config
                0x0000000000003878       0x10 ./CC2650_LAUNCHXL.o
                0x0000000000003878                PowerCC26XX_config
 .rodata.PINCC26XX_hwAttrs
                0x0000000000003888        0x8 ./CC2650_LAUNCHXL.o
                0x0000000000003888                PINCC26XX_hwAttrs
 .rodata.BoardGpioInitTable
                0x0000000000003890       0x2c ./CC2650_LAUNCHXL.o
                0x0000000000003890                BoardGpioInitTable
 .rodata.str1.1
                0x00000000000038bc       0x83 ./pinInterrupt.o
 *fill*         0x000000000000393f        0x1 
 .rodata.str1.4
                0x0000000000003940       0x48 /Users/tomvictor/workspace_v6_2/pinInterrupt_CC2650_LAUNCHXL_GNU_CC2650F128/Debug/configPkg/package/cfg/pinInterrupt_pm3g.om3g
 .rodata.resourceDB
                0x0000000000003988       0x4c /Users/tomvictor/ti/tirex-content/tirtos_cc13xx_cc26xx_2_21_00_06/products/tidrivers_cc13xx_cc26xx_2_21_00_04/packages/ti/drivers/lib/drivers_cc26xxware.am3g(PowerCC26XX.om3g)
                0x0000000000003988                resourceDB
 .rodata.str1.4
                0x00000000000039d4        0x4 /Users/tomvictor/ti/tirex-content/tirtos_cc13xx_cc26xx_2_21_00_06/products/bios_6_46_01_37/packages/gnu/targets/arm/libs/install-native/arm-none-eabi/lib/armv7-m/libc.a(lib_a-impure.o)
 .rodata._global_impure_ptr
                0x00000000000039d8        0x4 /Users/tomvictor/ti/tirex-content/tirtos_cc13xx_cc26xx_2_21_00_06/products/bios_6_46_01_37/packages/gnu/targets/arm/libs/install-native/arm-none-eabi/lib/armv7-m/libc.a(lib_a-impure.o)
                0x00000000000039d8                _global_impure_ptr

.data           0x0000000020000208      0x7c0 load address 0x00000000000039dc
                0x00000000000039dc                __data_load__ = LOADADDR (.data)
                0x0000000020000208                __data_start__ = .
 *(.data)
 *(.data.*)
 .data.ledPinTable
                0x0000000020000208        0xc ./pinInterrupt.o
                0x0000000020000208                ledPinTable
 .data.buttonPinTable
                0x0000000020000214        0xc ./pinInterrupt.o
                0x0000000020000214                buttonPinTable
 .data.ti_sysbios_family_arm_cc26xx_Timer_Object__table__V
                0x0000000020000220       0x48 /Users/tomvictor/workspace_v6_2/pinInterrupt_CC2650_LAUNCHXL_GNU_CC2650F128/Debug/configPkg/package/cfg/pinInterrupt_pm3g.om3g
                0x0000000020000220                ti_sysbios_family_arm_cc26xx_Timer_Object__table(void) volatile
 .data.ti_sysbios_knl_Clock_Module__root__V
                0x0000000020000268        0x8 /Users/tomvictor/workspace_v6_2/pinInterrupt_CC2650_LAUNCHXL_GNU_CC2650F128/Debug/configPkg/package/cfg/pinInterrupt_pm3g.om3g
                0x0000000020000268                ti_sysbios_knl_Clock_Module__root(void) volatile
 .data.ti_sysbios_heaps_HeapMem_Module__root__V
                0x0000000020000270        0x8 /Users/tomvictor/workspace_v6_2/pinInterrupt_CC2650_LAUNCHXL_GNU_CC2650F128/Debug/configPkg/package/cfg/pinInterrupt_pm3g.om3g
                0x0000000020000270                ti_sysbios_heaps_HeapMem_Module__root(void) volatile
 .data.ti_sysbios_knl_Task_Module__root__V
                0x0000000020000278        0x8 /Users/tomvictor/workspace_v6_2/pinInterrupt_CC2650_LAUNCHXL_GNU_CC2650F128/Debug/configPkg/package/cfg/pinInterrupt_pm3g.om3g
                0x0000000020000278                ti_sysbios_knl_Task_Module__root(void) volatile
 .data.ti_sysbios_knl_Queue_Module__root__V
                0x0000000020000280        0x8 /Users/tomvictor/workspace_v6_2/pinInterrupt_CC2650_LAUNCHXL_GNU_CC2650F128/Debug/configPkg/package/cfg/pinInterrupt_pm3g.om3g
                0x0000000020000280                ti_sysbios_knl_Queue_Module__root(void) volatile
 .data.ti_sysbios_knl_Swi_Module__root__V
                0x0000000020000288        0x8 /Users/tomvictor/workspace_v6_2/pinInterrupt_CC2650_LAUNCHXL_GNU_CC2650F128/Debug/configPkg/package/cfg/pinInterrupt_pm3g.om3g
                0x0000000020000288                ti_sysbios_knl_Swi_Module__root(void) volatile
 .data.ti_sysbios_gates_GateMutex_Module__root__V
                0x0000000020000290        0x8 /Users/tomvictor/workspace_v6_2/pinInterrupt_CC2650_LAUNCHXL_GNU_CC2650F128/Debug/configPkg/package/cfg/pinInterrupt_pm3g.om3g
                0x0000000020000290                ti_sysbios_gates_GateMutex_Module__root(void) volatile
 .data.ti_sysbios_gates_GateMutex_Object__table__V
                0x0000000020000298       0x38 /Users/tomvictor/workspace_v6_2/pinInterrupt_CC2650_LAUNCHXL_GNU_CC2650F128/Debug/configPkg/package/cfg/pinInterrupt_pm3g.om3g
                0x0000000020000298                ti_sysbios_gates_GateMutex_Object__table(void) volatile
 .data.ti_sysbios_knl_Semaphore_Module__root__V
                0x00000000200002d0        0x8 /Users/tomvictor/workspace_v6_2/pinInterrupt_CC2650_LAUNCHXL_GNU_CC2650F128/Debug/configPkg/package/cfg/pinInterrupt_pm3g.om3g
                0x00000000200002d0                ti_sysbios_knl_Semaphore_Module__root(void) volatile
 .data.ti_sysbios_knl_Task_Object__table__V
                0x00000000200002d8       0x4c /Users/tomvictor/workspace_v6_2/pinInterrupt_CC2650_LAUNCHXL_GNU_CC2650F128/Debug/configPkg/package/cfg/pinInterrupt_pm3g.om3g
                0x00000000200002d8                ti_sysbios_knl_Task_Object__table(void) volatile
 .data.ti_sysbios_knl_Swi_Object__table__V
                0x0000000020000324       0x30 /Users/tomvictor/workspace_v6_2/pinInterrupt_CC2650_LAUNCHXL_GNU_CC2650F128/Debug/configPkg/package/cfg/pinInterrupt_pm3g.om3g
                0x0000000020000324                ti_sysbios_knl_Swi_Object__table(void) volatile
 .data.ti_sysbios_family_arm_m3_Hwi_Object__table__V
                0x0000000020000354       0x18 /Users/tomvictor/workspace_v6_2/pinInterrupt_CC2650_LAUNCHXL_GNU_CC2650F128/Debug/configPkg/package/cfg/pinInterrupt_pm3g.om3g
                0x0000000020000354                ti_sysbios_family_arm_m3_Hwi_Object__table(void) volatile
 .data.ti_sysbios_knl_Clock_Object__table__V
                0x000000002000036c       0x20 /Users/tomvictor/workspace_v6_2/pinInterrupt_CC2650_LAUNCHXL_GNU_CC2650F128/Debug/configPkg/package/cfg/pinInterrupt_pm3g.om3g
                0x000000002000036c                ti_sysbios_knl_Clock_Object__table(void) volatile
 .data.ti_sysbios_knl_Task_Module_State_0_idleTask__A
                0x000000002000038c        0x4 /Users/tomvictor/workspace_v6_2/pinInterrupt_CC2650_LAUNCHXL_GNU_CC2650F128/Debug/configPkg/package/cfg/pinInterrupt_pm3g.om3g
                0x000000002000038c                ti_sysbios_knl_Task_Module_State_0_idleTask__A
 .data.ti_sysbios_knl_Swi_Module_State_0_readyQ__A
                0x0000000020000390       0x30 /Users/tomvictor/workspace_v6_2/pinInterrupt_CC2650_LAUNCHXL_GNU_CC2650F128/Debug/configPkg/package/cfg/pinInterrupt_pm3g.om3g
                0x0000000020000390                ti_sysbios_knl_Swi_Module_State_0_readyQ__A
 .data.ti_sysbios_family_arm_m3_Hwi_Module__root__V
                0x00000000200003c0        0x8 /Users/tomvictor/workspace_v6_2/pinInterrupt_CC2650_LAUNCHXL_GNU_CC2650F128/Debug/configPkg/package/cfg/pinInterrupt_pm3g.om3g
                0x00000000200003c0                ti_sysbios_family_arm_m3_Hwi_Module__root(void) volatile
 .data.ti_sysbios_hal_Hwi_Module__root__V
                0x00000000200003c8        0x8 /Users/tomvictor/workspace_v6_2/pinInterrupt_CC2650_LAUNCHXL_GNU_CC2650F128/Debug/configPkg/package/cfg/pinInterrupt_pm3g.om3g
                0x00000000200003c8                ti_sysbios_hal_Hwi_Module__root(void) volatile
 .data.ti_sysbios_gates_GateHwi_Module__root__V
                0x00000000200003d0        0x8 /Users/tomvictor/workspace_v6_2/pinInterrupt_CC2650_LAUNCHXL_GNU_CC2650F128/Debug/configPkg/package/cfg/pinInterrupt_pm3g.om3g
                0x00000000200003d0                ti_sysbios_gates_GateHwi_Module__root(void) volatile
 .data.ti_sysbios_knl_Task_Module_State_0_readyQ__A
                0x00000000200003d8       0x20 /Users/tomvictor/workspace_v6_2/pinInterrupt_CC2650_LAUNCHXL_GNU_CC2650F128/Debug/configPkg/package/cfg/pinInterrupt_pm3g.om3g
                0x00000000200003d8                ti_sysbios_knl_Task_Module_State_0_readyQ__A
 .data.ti_sysbios_knl_Mailbox_Module__root__V
                0x00000000200003f8        0x8 /Users/tomvictor/workspace_v6_2/pinInterrupt_CC2650_LAUNCHXL_GNU_CC2650F128/Debug/configPkg/package/cfg/pinInterrupt_pm3g.om3g
                0x00000000200003f8                ti_sysbios_knl_Mailbox_Module__root(void) volatile
 .data.ti_sysbios_heaps_HeapMem_Object__table__V
                0x0000000020000400       0x18 /Users/tomvictor/workspace_v6_2/pinInterrupt_CC2650_LAUNCHXL_GNU_CC2650F128/Debug/configPkg/package/cfg/pinInterrupt_pm3g.om3g
                0x0000000020000400                ti_sysbios_heaps_HeapMem_Object__table(void) volatile
 .data.PowerCC26XX_module
                0x0000000020000418      0x110 /Users/tomvictor/ti/tirex-content/tirtos_cc13xx_cc26xx_2_21_00_06/products/tidrivers_cc13xx_cc26xx_2_21_00_04/packages/ti/drivers/lib/drivers_cc26xxware.am3g(PowerCC26XX.om3g)
                0x0000000020000418                PowerCC26XX_module
 .data.impure_data
                0x0000000020000528      0x4a0 /Users/tomvictor/ti/tirex-content/tirtos_cc13xx_cc26xx_2_21_00_06/products/bios_6_46_01_37/packages/gnu/targets/arm/libs/install-native/arm-none-eabi/lib/armv7-m/libc.a(lib_a-impure.o)
                0x00000000200009c8                . = ALIGN (0x4)
                0x00000000200009c8                __data_end__ = .

.igot.plt       0x00000000200009c8        0x0 load address 0x000000000000419c
 .igot.plt      0x0000000000000000        0x0 ./CC2650_LAUNCHXL.o

.ARM.exidx      0x000000000000419c        0x8
                0x000000000000419c                __exidx_start = .
 *(.ARM.exidx* .gnu.linkonce.armexidx.*)
 .ARM.exidx     0x000000000000419c        0x8 /Applications/ti/ccsv6/tools/compiler/gcc-arm-none-eabi-4_9-2015q3/bin/../lib/gcc/arm-none-eabi/4.9.3/armv7-m/libgcc.a(_divdi3.o)
 .ARM.exidx     0x00000000000041a4        0x0 /Applications/ti/ccsv6/tools/compiler/gcc-arm-none-eabi-4_9-2015q3/bin/../lib/gcc/arm-none-eabi/4.9.3/armv7-m/libgcc.a(_udivdi3.o)
                                          0x8 (size before relaxing)
                0x00000000000041a4                __exidx_end = .

.ARM.extab
 *(.ARM.extab* .gnu.linkonce.armextab.*)

.ccfg           0x000000000001ffa8       0x58
 *(.ccfg)
 .ccfg          0x000000000001ffa8       0x58 ./ccfg.o
                0x000000000001ffa8                __ccfg

.bss            0x00000000200009c8      0x8e0
                0x00000000200009c8                __bss_start__ = .
 *(.shbss)
 *(.bss)
 .bss           0x00000000200009c8      0x200 /Users/tomvictor/workspace_v6_2/pinInterrupt_CC2650_LAUNCHXL_GNU_CC2650F128/Debug/configPkg/package/cfg/pinInterrupt_pm3g.om3g
                0x00000000200009c8                ti_sysbios_knl_Task_Instance_State_0_stack__A
 *(.bss.*)
 .bss.buttonPinHandle
                0x0000000020000bc8        0x4 ./pinInterrupt.o
 .bss.ledPinHandle
                0x0000000020000bcc        0x4 ./pinInterrupt.o
 .bss.ledPinState
                0x0000000020000bd0        0xc ./pinInterrupt.o
 .bss.buttonPinState
                0x0000000020000bdc        0xc ./pinInterrupt.o
 .bss.ti_sysbios_family_arm_m3_Hwi_Module_State_0_excContext__A
                0x0000000020000be8        0x4 /Users/tomvictor/workspace_v6_2/pinInterrupt_CC2650_LAUNCHXL_GNU_CC2650F128/Debug/configPkg/package/cfg/pinInterrupt_pm3g.om3g
                0x0000000020000be8                ti_sysbios_family_arm_m3_Hwi_Module_State_0_excContext__A
 .bss.ti_sysbios_family_arm_m3_Hwi_Module_State_0_excActive__A
                0x0000000020000bec        0x2 /Users/tomvictor/workspace_v6_2/pinInterrupt_CC2650_LAUNCHXL_GNU_CC2650F128/Debug/configPkg/package/cfg/pinInterrupt_pm3g.om3g
                0x0000000020000bec                ti_sysbios_family_arm_m3_Hwi_Module_State_0_excActive__A
 *fill*         0x0000000020000bee        0x2 
 .bss.ti_sysbios_family_arm_m3_Hwi_Module_State_0_excStack__A
                0x0000000020000bf0        0x4 /Users/tomvictor/workspace_v6_2/pinInterrupt_CC2650_LAUNCHXL_GNU_CC2650F128/Debug/configPkg/package/cfg/pinInterrupt_pm3g.om3g
                0x0000000020000bf0                ti_sysbios_family_arm_m3_Hwi_Module_State_0_excStack__A
 .bss.xdc_runtime_System_Module_State_0_atexitHandlers__A
                0x0000000020000bf4        0x8 /Users/tomvictor/workspace_v6_2/pinInterrupt_CC2650_LAUNCHXL_GNU_CC2650F128/Debug/configPkg/package/cfg/pinInterrupt_pm3g.om3g
                0x0000000020000bf4                xdc_runtime_System_Module_State_0_atexitHandlers__A
 .bss.pPinGpio  0x0000000020000bfc        0x4 /Users/tomvictor/ti/tirex-content/tirtos_cc13xx_cc26xx_2_21_00_06/products/tidrivers_cc13xx_cc26xx_2_21_00_04/packages/ti/drivers/lib/drivers_cc26xxware.am3g(PINCC26XX.om3g)
 .bss.PinSwi    0x0000000020000c00       0x34 /Users/tomvictor/ti/tirex-content/tirtos_cc13xx_cc26xx_2_21_00_06/products/tidrivers_cc13xx_cc26xx_2_21_00_04/packages/ti/drivers/lib/drivers_cc26xxware.am3g(PINCC26XX.om3g)
 .bss.PinHwi    0x0000000020000c34       0x1c /Users/tomvictor/ti/tirex-content/tirtos_cc13xx_cc26xx_2_21_00_06/products/tidrivers_cc13xx_cc26xx_2_21_00_04/packages/ti/drivers/lib/drivers_cc26xxware.am3g(PINCC26XX.om3g)
 .bss.PinSem    0x0000000020000c50       0x1c /Users/tomvictor/ti/tirex-content/tirtos_cc13xx_cc26xx_2_21_00_06/products/tidrivers_cc13xx_cc26xx_2_21_00_04/packages/ti/drivers/lib/drivers_cc26xxware.am3g(PINCC26XX.om3g)
 .bss.PinGpioConfigTable
                0x0000000020000c6c       0x20 /Users/tomvictor/ti/tirex-content/tirtos_cc13xx_cc26xx_2_21_00_06/products/tidrivers_cc13xx_cc26xx_2_21_00_04/packages/ti/drivers/lib/drivers_cc26xxware.am3g(PINCC26XX.om3g)
 .bss.gnu_targets_arm_rtsv7M_exit
                0x0000000020000c8c        0x4 /Users/tomvictor/ti/tirex-content/tirtos_cc13xx_cc26xx_2_21_00_06/products/bios_6_46_01_37/packages/gnu/targets/arm/rtsv7M/lib/boot.am3g(startup.om3g)
                0x0000000020000c8c                gnu_targets_arm_rtsv7M_exit
 .bss.oscHfGlobals
                0x0000000020000c90       0x14 /Users/tomvictor/ti/tirex-content/tirtos_cc13xx_cc26xx_2_21_00_06/products/cc26xxware_2_24_03_17272/driverlib/bin/gcc/driverlib.lib(osc.o)
 .bss.powerQualGlobals
                0x0000000020000ca4        0x8 /Users/tomvictor/ti/tirex-content/tirtos_cc13xx_cc26xx_2_21_00_06/products/cc26xxware_2_24_03_17272/driverlib/bin/gcc/driverlib.lib(sys_ctrl.o)
 .bss.__atexit_lock
                0x0000000020000cac       0x2c /Users/tomvictor/ti/tirex-content/tirtos_cc13xx_cc26xx_2_21_00_06/products/bios_6_46_01_37/packages/gnu/targets/arm/libs/install-native/arm-none-eabi/lib/armv7-m/libc.a(lib_a-__atexit.o)
                0x0000000020000cac                __atexit_lock
 *(COMMON)
 COMMON         0x0000000020000cd8      0x548 /Users/tomvictor/workspace_v6_2/pinInterrupt_CC2650_LAUNCHXL_GNU_CC2650F128/Debug/configPkg/package/cfg/pinInterrupt_pm3g.om3g
                0x0000000020000cd8                xdc_runtime_SysMin_Module_State_0_outbuf__A
                0x0000000020000d58                ti_sysbios_family_arm_m3_Hwi_dispatchTable
                0x0000000020000e20                ti_sysbios_heaps_HeapMem_Instance_State_0_buf__A
 COMMON         0x0000000020001220       0x80 /Users/tomvictor/ti/tirex-content/tirtos_cc13xx_cc26xx_2_21_00_06/products/tidrivers_cc13xx_cc26xx_2_21_00_04/packages/ti/drivers/lib/drivers_cc26xxware.am3g(PINCC26XX.om3g)
                0x0000000020001220                PIN_HandleTable
                0x000000002000129c                PIN_NumPins
 COMMON         0x00000000200012a0        0x1 /Users/tomvictor/ti/tirex-content/tirtos_cc13xx_cc26xx_2_21_00_06/products/cc26xxware_2_24_03_17272/driverlib/bin/gcc/driverlib.lib(driverlib_release.o)
                0x00000000200012a0                driverlib_release_0_47020
 *fill*         0x00000000200012a1        0x3 
 COMMON         0x00000000200012a4        0x4 /Users/tomvictor/ti/tirex-content/tirtos_cc13xx_cc26xx_2_21_00_06/products/bios_6_46_01_37/packages/gnu/targets/arm/libs/install-native/arm-none-eabi/lib/armv7-m/libnosys.a(errno.o)
                0x00000000200012a4                errno
                0x00000000200012a8                . = ALIGN (0x4)
                0x00000000200012a8                __bss_end__ = .

.heap           0x00000000200012a8        0x0
                0x00000000200012a8                __heap_start__ = .
                0x00000000200012a8                end = __heap_start__
                0x00000000200012a8                _end = end
                0x00000000200012a8                __end = end
 *(.heap)
                0x00000000200012a8                __heap_end__ = .
                0x00000000200012a8                __HeapLimit = __heap_end__

.stack          0x00000000200012a8      0x300
                0x00000000200012a8                _stack = .
                0x00000000200012a8                __stack = .
 *(.stack)
 .stack         0x00000000200012a8      0x300 /Users/tomvictor/workspace_v6_2/pinInterrupt_CC2650_LAUNCHXL_GNU_CC2650F128/Debug/configPkg/package/cfg/pinInterrupt_pm3g.om3g
                0x00000000200012a8                ti_platforms_simplelink_stack
                0x0000000000000300                __STACK_SIZE = 0x300
                0x0000000000000300                __TI_STACK_SIZE = __STACK_SIZE
LOAD /Users/tomvictor/workspace_v6_2/pinInterrupt_CC2650_LAUNCHXL_GNU_CC2650F128/Debug/configPkg/package/cfg/pinInterrupt_pm3g.om3g
LOAD /Users/tomvictor/ti/tirex-content/tirtos_cc13xx_cc26xx_2_21_00_06/products/tidrivers_cc13xx_cc26xx_2_21_00_04/packages/ti/mw/display/lib/display.am3g
LOAD /Users/tomvictor/ti/tirex-content/tirtos_cc13xx_cc26xx_2_21_00_06/products/tidrivers_cc13xx_cc26xx_2_21_00_04/packages/ti/mw/lcd/lib/lcd.am3g
LOAD /Users/tomvictor/ti/tirex-content/tirtos_cc13xx_cc26xx_2_21_00_06/products/tidrivers_cc13xx_cc26xx_2_21_00_04/packages/ti/mw/grlib/lib/grlib.am3g
LOAD /Users/tomvictor/ti/tirex-content/tirtos_cc13xx_cc26xx_2_21_00_06/products/tidrivers_cc13xx_cc26xx_2_21_00_04/packages/ti/drivers/rf/lib/rf_singleMode_cc26xxware.am3g
LOAD /Users/tomvictor/ti/tirex-content/tirtos_cc13xx_cc26xx_2_21_00_06/products/tidrivers_cc13xx_cc26xx_2_21_00_04/packages/ti/drivers/lib/drivers_cc26xxware.am3g
LOAD /Users/tomvictor/ti/tirex-content/tirtos_cc13xx_cc26xx_2_21_00_06/products/tidrivers_cc13xx_cc26xx_2_21_00_04/packages/ti/drivers/lib/power_cc26xx_tirtos.am3g
LOAD /Users/tomvictor/ti/tirex-content/tirtos_cc13xx_cc26xx_2_21_00_06/products/tidrivers_cc13xx_cc26xx_2_21_00_04/packages/ti/drivers/pdm/lib/pdm_cc26xxware.am3g
LOAD /Users/tomvictor/ti/tirex-content/tirtos_cc13xx_cc26xx_2_21_00_06/products/tidrivers_cc13xx_cc26xx_2_21_00_04/packages/ti/mw/fatfs/lib/release/ti.mw.fatfs.am3g
LOAD /Users/tomvictor/ti/tirex-content/tirtos_cc13xx_cc26xx_2_21_00_06/products/tidrivers_cc13xx_cc26xx_2_21_00_04/packages/ti/drivers/ports/lib/tirtosport.am3g
LOAD /Users/tomvictor/workspace_v6_2/pinInterrupt_CC2650_LAUNCHXL_GNU_CC2650F128/src/sysbios/rom_sysbios.am3g
LOAD /Users/tomvictor/ti/tirex-content/tirtos_cc13xx_cc26xx_2_21_00_06/products/bios_6_46_01_37/packages/gnu/targets/arm/rtsv7M/lib/boot.am3g
LOAD /Users/tomvictor/ti/tirex-content/tirtos_cc13xx_cc26xx_2_21_00_06/products/bios_6_46_01_37/packages/gnu/targets/arm/rtsv7M/lib/syscalls.am3g
                0x0000000000000001                xdc_runtime_Startup__EXECFXN__C = 0x1
                0x0000000000000001                xdc_runtime_Startup__RESETFXN__C = 0x1

.bootVecs
 *(.bootVecs)

xdc.meta        0x00000000000041a4      0x110
 *(xdc.meta)
 xdc.meta       0x00000000000041a4      0x110 /Users/tomvictor/workspace_v6_2/pinInterrupt_CC2650_LAUNCHXL_GNU_CC2650F128/Debug/configPkg/package/cfg/pinInterrupt_pm3g.om3g
                0x00000000000041a4                __TRDR__
                0x00000000000041cc                __TARG__
                0x00000000000041f0                __PLAT__
                0x0000000000004218                __ISA__
                0x000000000000422c                __ASM__
                0x0000000000000000                _intvecs_base_address = 0x0
                0x0000000020000000                _vtable_base_address = 0x20000000
                0x00000000e000e000                ti_sysbios_family_arm_m3_Hwi_nvic = 0xe000e000
                0x000000001001ca9b                ti_sysbios_rom_cortexm_cc26xx_CC26xx_getRevision__E = 0x1001ca9b
                0x000000001001bf11                ti_sysbios_knl_Queue_get__E = 0x1001bf11
                0x000000001001c0e5                ti_sysbios_knl_Swi_enabled__E = 0x1001c0e5
                0x000000001001bebd                ti_sysbios_knl_Clock_scheduleNextTick__E = 0x1001bebd
                0x000000001001b0d5                ti_sysbios_knl_Swi_runLoop__I = 0x1001b0d5
                0x000000001001b6d9                ti_sysbios_knl_Clock_getTicks__E = 0x1001b6d9
                0x000000001001bc49                ti_sysbios_gates_GateMutex_Object__destruct__S = 0x1001bc49
                0x000000001001c1b5                ti_sysbios_knl_Queue_enqueue__E = 0x1001c1b5
                0x000000001001bf2d                ti_sysbios_knl_Queue_put__E = 0x1001bf2d
                0x000000001001aab1                ti_sysbios_family_arm_m3_Hwi_Object__create__S = 0x1001aab1
                0x000000001001b463                ti_sysbios_gates_GateHwi_Instance_init__E = 0x1001b463
                0x000000001001c1f1                ti_sysbios_hal_Hwi_Instance_finalize__E = 0x1001c1f1
                0x000000001001c24d                ti_sysbios_BIOS_RtsGateProxy_leave__E = 0x1001c24d
                0x000000001001b845                ti_sysbios_heaps_HeapMem_Object__create__S = 0x1001b845
                0x000000001001c769                xdc_runtime_Error_raiseX__E = 0x1001c769
                0x000000001001b709                ti_sysbios_knl_Semaphore_construct = 0x1001b709
                0x000000001001bce9                ti_sysbios_knl_Clock_Object__destruct__S = 0x1001bce9
                0x000000001001c0a5                ti_sysbios_knl_Clock_TimerProxy_getMaxTicks__E = 0x1001c0a5
                0x000000001001bf49                ti_sysbios_knl_Swi_Object__destruct__S = 0x1001bf49
                0x000000001001c12f                ti_sysbios_family_arm_cc26xx_TimestampProvider_getFreq__E = 0x1001c12f
                0x000000001001bc29                ti_sysbios_gates_GateMutex_Handle__label__S = 0x1001bc29
                0x000000001001c2c5                ti_sysbios_knl_Mailbox_delete = 0x1001c2c5
                0x000000001001c2e1                ti_sysbios_knl_Semaphore_destruct = 0x1001c2e1
                0x000000001001c249                ti_sysbios_BIOS_RtsGateProxy_enter__E = 0x1001c249
                0x000000001001b739                ti_sysbios_knl_Task_processVitalTaskFlag__I = 0x1001b739
                0x000000001001abdd                ti_sysbios_knl_Mailbox_create = 0x1001abdd
                0x000000001001c4f9                xdc_runtime_Core_deleteObject__I = 0x1001c4f9
                0x000000001001c2cd                ti_sysbios_knl_Queue_delete = 0x1001c2cd
                0x000000001001c1fb                ti_sysbios_family_arm_m3_Hwi_doSwiRestore__I = 0x1001c1fb
                0x000000001001c681                xdc_runtime_System_atexit__E = 0x1001c681
                0x000000001001c179                ti_sysbios_gates_GateMutex_Params__init__S = 0x1001c179
                0x000000001001c191                ti_sysbios_knl_Clock_getTimerHandle__E = 0x1001c191
                0x000000001001c243                ti_sysbios_knl_Task_enable__E = 0x1001c243
                0x000000001001c2ad                ti_sysbios_knl_Clock_TimerProxy_getExpiredTicks__E = 0x1001c2ad
                0x000000001001bef5                ti_sysbios_knl_Queue_Object__destruct__S = 0x1001bef5
                0x000000001001badd                ti_sysbios_knl_Clock_Object__delete__S = 0x1001badd
                0x000000001001c26d                ti_sysbios_gates_GateMutex_delete = 0x1001c26d
                0x000000001001c105                ti_sysbios_heaps_HeapMem_restore__E = 0x1001c105
                0x000000001001ad05                ti_sysbios_knl_Swi_create = 0x1001ad05
                0x000000001001c2a1                ti_sysbios_heaps_HeapMem_Module_GateProxy_leave__E = 0x1001c2a1
                0x000000001001a0cd                ti_sysbios_knl_Semaphore_pend__E = 0x1001a0cd
                0x000000001001a9dd                ti_sysbios_knl_Mailbox_Instance_finalize__E = 0x1001a9dd
                0x000000001001c30d                xdc_runtime_Startup_startMods__I = 0x1001c30d
                0x000000001001b545                ti_sysbios_heaps_HeapMem_init__I = 0x1001b545
                0x000000001001bda9                ti_sysbios_knl_Swi_Object__delete__S = 0x1001bda9
                0x000000001001c285                ti_sysbios_hal_Hwi_HwiProxy_enableInterrupt__E = 0x1001c285
                0x000000001001c2bd                ti_sysbios_knl_Clock_removeI__E = 0x1001c2bd
                0x000000001001c749                xdc_runtime_System_abort__E = 0x1001c749
                0x000000001001aa49                ti_sysbios_family_arm_m3_Hwi_dispatchC__I = 0x1001aa49
                0x000000001001b085                ti_sysbios_knl_Swi_construct = 0x1001b085
                0x000000001001bf81                ti_sysbios_knl_Task_sleepTimeout__I = 0x1001bf81
                0x000000001001c121                ti_sysbios_knl_Queue_remove__E = 0x1001c121
                0x000000001001c0c5                ti_sysbios_knl_Semaphore_Instance_finalize__E = 0x1001c0c5
                0x000000001001c271                ti_sysbios_gates_GateMutex_destruct = 0x1001c271
                0x000000001001c2f1                ti_sysbios_knl_Task_SupportProxy_Module__startupDone__S = 0x1001c2f1
                0x000000001001bd49                ti_sysbios_knl_Queue_Object__delete__S = 0x1001bd49
                0x000000001001b89d                ti_sysbios_knl_Mailbox_Object__get__S = 0x1001b89d
                0x000000001001a3c9                ti_sysbios_family_arm_m3_Hwi_Instance_init__E = 0x1001a3c9
                0x000000001001c2b5                ti_sysbios_knl_Clock_delete = 0x1001c2b5
                0x000000001001a80d                ti_sysbios_knl_Clock_walkQueueDynamic__E = 0x1001a80d
                0x000000001001bed9                ti_sysbios_knl_Mailbox_Object__destruct__S = 0x1001bed9
                0x000000001001a591                ti_sysbios_knl_Mailbox_post__E = 0x1001a591
                0x000000001001b50d                ti_sysbios_knl_Clock_Instance_init__E = 0x1001b50d
                0x000000001001b365                ti_sysbios_knl_Task_allBlockedFunction__I = 0x1001b365
                0x000000001001a615                ti_sysbios_knl_Task_postInit__I = 0x1001a615
                0x000000001001be09                ti_sysbios_knl_Task_enter__I = 0x1001be09
                0x000000001001c299                ti_sysbios_hal_Hwi_switchFromBootStack__E = 0x1001c299
                0x000000001001bd89                ti_sysbios_knl_Semaphore_Object__destruct__S = 0x1001bd89
                0x000000001001c085                ti_sysbios_hal_Hwi_HwiProxy_Object__create__S = 0x1001c085
                0x000000001001b769                ti_sysbios_family_arm_cc26xx_Timer_postInit__I = 0x1001b769
                0x000000001001c237                ti_sysbios_knl_Swi_Module_startup__E = 0x1001c237
                0x000000001001c075                ti_sysbios_gates_GateMutex_Instance_finalize__E = 0x1001c075
                0x000000001001c5f1                xdc_runtime_Core_assignParams__I = 0x1001c5f1
                0x000000001001c291                ti_sysbios_hal_Hwi_HwiProxy_switchFromBootStack__E = 0x1001c291
                0x000000001001b321                ti_sysbios_knl_Swi_post__E = 0x1001b321
                0x000000001001b819                ti_sysbios_hal_Hwi_initStack = 0x1001b819
                0x000000001001c489                xdc_runtime_Memory_alloc__E = 0x1001c489
                0x000000001001c2d9                ti_sysbios_knl_Queue_next__E = 0x1001c2d9
                0x000000001001bfcd                ti_sysbios_knl_Clock_Instance_finalize__E = 0x1001bfcd
                0x000000001001c231                ti_sysbios_knl_Queue_elemClear__E = 0x1001c231
                0x000000001001c185                ti_sysbios_knl_Clock_Params__init__S = 0x1001c185
                0x000000001001a25d                ti_sysbios_knl_Task_Instance_init__E = 0x1001a25d
                0x000000001001c28d                ti_sysbios_hal_Hwi_HwiProxy_startup__E = 0x1001c28d
                0x000000001001c1e5                ti_sysbios_knl_Task_self__E = 0x1001c1e5
                0x000000001001c309                ti_sysbios_knl_Task_startup__E = 0x1001c309
                0x000000001001bc09                ti_sysbios_gates_GateHwi_Object__delete__S = 0x1001bc09
                0x000000001001b795                ti_sysbios_family_arm_cc26xx_Timer_startup__E = 0x1001b795
                0x000000001001c801                xdc_runtime_Memory_free__E = 0x1001c801
                0x000000001001c295                ti_sysbios_hal_Hwi_delete = 0x1001c295
                0x000000001001c22b                ti_sysbios_knl_Queue_Instance_init__E = 0x1001c22b
                0x000000001001ba71                ti_sysbios_family_arm_cc26xx_Timer_Module_startup__E = 0x1001ba71
                0x000000001001c5a9                xdc_runtime_Assert_raise__I = 0x1001c5a9
                0x000000001001ab79                ti_sysbios_hal_Hwi_create = 0x1001ab79
                0x000000001001c305                ti_sysbios_knl_Task_destruct = 0x1001c305
                0x000000001001c021                ti_sysbios_hal_Hwi_Module_startup__E = 0x1001c021
                0x000000001001bbc9                ti_sysbios_family_arm_m3_Hwi_excHandler__I = 0x1001bbc9
                0x000000001001c7a1                xdc_runtime_Core_destructObject__I = 0x1001c7a1
                0x000000001001c0d5                ti_sysbios_knl_Swi_disable__E = 0x1001c0d5
                0x000000001001c045                ti_sysbios_BIOS_setThreadType__E = 0x1001c045
                0x000000001001c0f5                ti_sysbios_knl_Task_disable__E = 0x1001c0f5
                0x000000001001aca5                ti_sysbios_knl_Swi_Instance_init__E = 0x1001aca5
                0x000000001001b94d                ti_sysbios_knl_Semaphore_pendTimeout__I = 0x1001b94d
                0x000000001001b3ed                ti_sysbios_knl_Clock_create = 0x1001b3ed
                0x000000001001c20b                ti_sysbios_knl_Idle_loop__E = 0x1001c20b
                0x000000001001c21f                ti_sysbios_gates_GateHwi_leave__E = 0x1001c21f
                0x000000001001b2dd                ti_sysbios_family_arm_m3_Hwi_enableInterrupt__E = 0x1001b2dd
                0x000000001001c1c1                ti_sysbios_knl_Semaphore_Params__init__S = 0x1001c1c1
                0x000000001001bfb5                ti_sysbios_knl_Task_unblock__E = 0x1001bfb5
                0x000000001001c2e9                ti_sysbios_knl_Swi_destruct = 0x1001c2e9
                0x000000001001bff9                ti_sysbios_BIOS_getCpuFreq__E = 0x1001bff9
                0x000000001001c84d                xdc_runtime_Memory_calloc__E = 0x1001c84d
                0x000000001001c203                ti_sysbios_family_arm_m3_Hwi_startup__E = 0x1001c203
                0x000000001001c821                xdc_runtime_SysCallback_exit__E = 0x1001c821
                0x000000001001c113                ti_sysbios_knl_Queue_empty__E = 0x1001c113
                0x000000001001be67                ti_sysbios_knl_Clock_logTick__E = 0x1001be67
                0x000000001001b3a9                ti_sysbios_knl_Task_yield__E = 0x1001b3a9
                0x000000001001c2f5                ti_sysbios_knl_Task_SupportProxy_getStackAlignment__E = 0x1001c2f5
                0x000000001001ab15                ti_sysbios_family_arm_m3_Hwi_create = 0x1001ab15
                0x000000001001c831                xdc_runtime_Timestamp_SupportProxy_get32__E = 0x1001c831
                0x000000001001c261                ti_sysbios_family_arm_m3_Hwi_destruct = 0x1001c261
                0x000000001001c213                ti_sysbios_family_arm_m3_Hwi_doTaskRestore__I = 0x1001c213
                0x000000001001afd9                ti_sysbios_knl_Swi_run__I = 0x1001afd9
                0x000000001001bb49                ti_sysbios_family_arm_cc26xx_Timer_Module__startupDone__S = 0x1001bb49
                0x000000001001c405                xdc_runtime_Core_createObject__I = 0x1001c405
                0x000000001001b921                ti_sysbios_knl_Queue_create = 0x1001b921
                0x000000001001bc69                ti_sysbios_hal_Hwi_Object__delete__S = 0x1001bc69
                0x000000001001b579                ti_sysbios_knl_Clock_construct = 0x1001b579
                0x000000001001c899                xdc_runtime_System_abortSpin__E = 0x1001c899
                0x000000001001be69                ti_sysbios_family_arm_m3_Hwi_Object__destruct__S = 0x1001be69
                0x000000001001c27d                ti_sysbios_hal_Hwi_HwiProxy_delete = 0x1001c27d
                0x000000001001b649                ti_sysbios_gates_GateMutex_Object__create__S = 0x1001b649
                0x000000001001b465                ti_sysbios_family_arm_m3_Hwi_getStackInfo__E = 0x1001b465
                0x000000001001c29d                ti_sysbios_heaps_HeapMem_Module_GateProxy_enter__E = 0x1001c29d
                0x000000001001ac41                ti_sysbios_knl_Semaphore_post__E = 0x1001ac41
                0x000000001001b429                ti_sysbios_knl_Task_exit__E = 0x1001b429
                0x000000001001b4d5                ti_sysbios_heaps_HeapMem_Instance_init__E = 0x1001b4d5
                0x000000001001b5e1                ti_sysbios_knl_Swi_restore__E = 0x1001b5e1
                0x000000001001ae75                ti_sysbios_knl_Task_startCore__E = 0x1001ae75
                0x000000001001b5ad                ti_sysbios_knl_Semaphore_create = 0x1001b5ad
                0x000000001001c16d                ti_sysbios_gates_GateHwi_enter__E = 0x1001c16d
                0x000000001001b615                ti_sysbios_knl_Task_blockI__E = 0x1001b615
                0x000000001001a795                ti_sysbios_heaps_HeapMem_free__E = 0x1001a795
                0x000000001001bf65                ti_sysbios_knl_Task_Object__destruct__S = 0x1001bf65
                0x000000001001a469                ti_sysbios_family_arm_cc26xx_Timer_periodicStub__E = 0x1001a469
                0x000000001001b9f9                ti_sysbios_hal_Hwi_Instance_init__E = 0x1001b9f9
                0x000000001001c269                ti_sysbios_gates_GateHwi_query__E = 0x1001c269
                0x000000001001c6b9                xdc_runtime_System_processAtExit__E = 0x1001c6b9
                0x000000001001c259                ti_sysbios_family_arm_cc26xx_Timer_setPeriod__E = 0x1001c259
                0x000000001001c841                xdc_runtime_Error_init__E = 0x1001c841
                0x000000001001bb01                ti_sysbios_knl_Semaphore_Instance_init__E = 0x1001bb01
                0x000000001001c2d5                ti_sysbios_knl_Queue_head__E = 0x1001c2d5
                0x000000001001c7b9                xdc_runtime_Error_check__E = 0x1001c7b9
                0x000000001001c487                xdc_runtime_Error_policySpin__E = 0x1001c487
                0x000000001001b679                ti_sysbios_gates_GateMutex_create = 0x1001b679
                0x000000001001c879                xdc_runtime_Gate_leaveSystem__E = 0x1001c879
                0x000000001001ad61                ti_sysbios_knl_Swi_restoreHwi__E = 0x1001ad61
                0x000000001001a96d                ti_sysbios_knl_Task_sleep__E = 0x1001a96d
                0x000000001001ae19                ti_sysbios_knl_Task_create = 0x1001ae19
                0x000000001001c19d                ti_sysbios_knl_Mailbox_Params__init__S = 0x1001c19d
                0x000000001001be29                ti_sysbios_knl_Task_restoreHwi__E = 0x1001be29
                0x000000001001b8c9                ti_sysbios_knl_Mailbox_postInit__I = 0x1001b8c9
                0x000000001001c301                ti_sysbios_knl_Task_delete = 0x1001c301
                0x000000001001c2a5                ti_sysbios_heaps_HeapMem_isBlocking__E = 0x1001c2a5
                0x000000001001a719                ti_sysbios_knl_Clock_startI__E = 0x1001a719
                0x000000001001bfe3                ti_sysbios_knl_Clock_start__E = 0x1001bfe3
                0x000000001001bba9                ti_sysbios_family_arm_m3_Hwi_Object__delete__S = 0x1001bba9
                0x000000001001c2b1                ti_sysbios_knl_Clock_TimerProxy_getPeriod__E = 0x1001c2b1
                0x000000001001c2f9                ti_sysbios_knl_Task_SupportProxy_start__E = 0x1001c2f9
                0x000000001001bc89                ti_sysbios_heaps_HeapMem_Handle__label__S = 0x1001bc89
                0x000000001001c25d                ti_sysbios_family_arm_m3_Hwi_delete = 0x1001c25d
                0x000000001001bb25                ti_sysbios_knl_Semaphore_Object__delete__S = 0x1001bb25
                0x000000001001c289                ti_sysbios_hal_Hwi_HwiProxy_getStackInfo__E = 0x1001c289
                0x000000001001bd09                ti_sysbios_knl_Idle_run__E = 0x1001bd09
                0x000000001001c2e5                ti_sysbios_knl_Swi_delete = 0x1001c2e5
                0x000000001001c785                xdc_runtime_Memory_valloc__E = 0x1001c785
                0x000000001001bd29                ti_sysbios_knl_Mailbox_Object__delete__S = 0x1001bd29
                0x000000001001b49d                ti_sysbios_family_arm_m3_TaskSupport_start__E = 0x1001b49d
                0x000000001001bb89                ti_sysbios_family_arm_m3_Hwi_Module__startupDone__S = 0x1001bb89
                0x000000001001c23d                ti_sysbios_knl_Swi_startup__E = 0x1001c23d
                0x000000001001b175                ti_sysbios_knl_Task_schedule__I = 0x1001b175
                0x000000001001bf9d                ti_sysbios_gates_GateMutex_leave__E = 0x1001bf9d
                0x000000001001bca9                ti_sysbios_heaps_HeapMem_Object__delete__S = 0x1001bca9
                0x000000001001c0b5                ti_sysbios_knl_Clock_TimerProxy_setNextTick__E = 0x1001c0b5
                0x000000001001b979                ti_sysbios_knl_Swi_Object__get__S = 0x1001b979
                0x000000001001ba49                ti_sysbios_knl_Task_restore__E = 0x1001ba49
                0x000000001001c889                xdc_runtime_Memory_HeapProxy_alloc__E = 0x1001c889
                0x000000001001ba95                ti_sysbios_gates_GateHwi_Object__create__S = 0x1001ba95
                0x000000001001c281                ti_sysbios_hal_Hwi_HwiProxy_disableInterrupt__E = 0x1001c281
                0x000000001001c055                ti_sysbios_BIOS_start__E = 0x1001c055
                0x000000001001c035                ti_sysbios_BIOS_exit__E = 0x1001c035
                0x000000001001c161                ti_sysbios_family_arm_m3_TaskSupport_getStackAlignment__E = 0x1001c161
                0x000000001001c811                xdc_runtime_SysCallback_abort__E = 0x1001c811
                0x000000001001c2d1                ti_sysbios_knl_Queue_destruct = 0x1001c2d1
                0x000000001001a319                ti_sysbios_family_arm_m3_Hwi_postInit__I = 0x1001a319
                0x000000001001bea1                ti_sysbios_gates_GateMutex_Instance_init__E = 0x1001bea1
                0x000000001001a4fd                ti_sysbios_knl_Task_Instance_finalize__E = 0x1001a4fd
                0x000000001001c095                ti_sysbios_knl_Clock_TimerProxy_getCurrentTick__E = 0x1001c095
                0x000000001001c149                ti_sysbios_family_arm_m3_Hwi_disableFxn__E = 0x1001c149
                0x000000001001c88d                xdc_runtime_Memory_HeapProxy_free__E = 0x1001c88d
                0x000000001001b251                ti_sysbios_knl_Mailbox_Module_startup__E = 0x1001b251
                0x000000001001bdc9                ti_sysbios_knl_Task_Object__delete__S = 0x1001bdc9
                0x000000001001bbe9                ti_sysbios_gates_GateHwi_Handle__label__S = 0x1001bbe9
                0x000000001001c7e9                xdc_runtime_Text_ropeText__E = 0x1001c7e9
                0x000000001001c2b9                ti_sysbios_knl_Clock_destruct = 0x1001c2b9
                0x000000001001b8f5                ti_sysbios_knl_Queue_construct = 0x1001b8f5
                0x000000001001c00d                ti_sysbios_family_arm_m3_Hwi_switchFromBootStack__E = 0x1001c00d
                0x000000001001b871                ti_sysbios_heaps_HeapMem_Object__get__S = 0x1001b871
                0x000000001001be49                ti_sysbios_hal_Hwi_HwiProxy_create = 0x1001be49
                0x000000001001c275                ti_sysbios_gates_GateMutex_query__E = 0x1001c275
                0x000000001001b031                ti_sysbios_knl_Swi_schedule__I = 0x1001b031
                0x000000001001c1d9                ti_sysbios_knl_Task_Params__init__S = 0x1001c1d9
                0x000000001001c13d                ti_sysbios_family_arm_m3_Hwi_Params__init__S = 0x1001c13d
                0x000000001001c065                ti_sysbios_family_arm_m3_Hwi_plug__E = 0x1001c065
                0x000000001001c89b                xdc_runtime_System_exitSpin__E = 0x1001c89b
                0x000000001001b7ed                ti_sysbios_gates_GateMutex_construct = 0x1001b7ed
                0x000000001001c895                xdc_runtime_System_Module_GateProxy_leave__E = 0x1001c895
                0x000000001001a8fd                ti_sysbios_knl_Mailbox_pend__E = 0x1001a8fd
                0x000000001001c265                ti_sysbios_family_arm_m3_TaskSupport_Module__startupDone__S = 0x1001c265
                0x000000001001c6ed                xdc_runtime_Core_assignLabel__I = 0x1001c6ed
                0x000000001001c891                xdc_runtime_System_Module_GateProxy_enter__E = 0x1001c891
                0x000000001001c7d1                xdc_runtime_System_exit__E = 0x1001c7d1
                0x000000001001c1cd                ti_sysbios_knl_Swi_Params__init__S = 0x1001c1cd
                0x000000001001a885                ti_sysbios_knl_Clock_workFunc__E = 0x1001a885
                0x000000001001c219                ti_sysbios_family_arm_m3_Hwi_restoreFxn__E = 0x1001c219
                0x000000001001bb69                ti_sysbios_family_arm_cc26xx_TimestampProvider_Module_startup__E = 0x1001bb69
                0x000000001001c2dd                ti_sysbios_knl_Semaphore_delete = 0x1001c2dd
                0x000000001001c255                ti_sysbios_family_arm_cc26xx_Timer_getPeriod__E = 0x1001c255
                0x000000001001a699                ti_sysbios_family_arm_m3_Hwi_initNVIC__E = 0x1001a699
                0x000000001001ba21                ti_sysbios_knl_Clock_addI__E = 0x1001ba21
                0x000000001001aed1                ti_sysbios_family_arm_m3_Hwi_Instance_finalize__E = 0x1001aed1
                0x000000001001a199                ti_sysbios_heaps_HeapMem_alloc__E = 0x1001a199
                0x000000001001b9a5                ti_sysbios_knl_Task_unblockI__E = 0x1001b9a5
                0x000000001001bf9b                ti_sysbios_knl_Swi_Instance_finalize__E = 0x1001bf9b
                0x000000001001b299                ti_sysbios_family_arm_m3_Hwi_disableInterrupt__E = 0x1001b299
                0x000000001001c155                ti_sysbios_family_arm_m3_Hwi_enableFxn__E = 0x1001c155
                0x000000001001c885                xdc_runtime_Gate_enterSystem__E = 0x1001c885
                0x000000001001bab9                ti_sysbios_gates_GateMutex_Object__delete__S = 0x1001bab9
                0x000000001001b9d1                ti_sysbios_family_arm_cc26xx_TimestampProvider_get64__E = 0x1001b9d1
                0x000000001001a001                ti_sysbios_knl_Mailbox_Instance_init__E = 0x1001a001
                0x000000001001c71d                xdc_runtime_Text_cordText__E = 0x1001c71d
                0x000000001001c559                xdc_runtime_Startup_exec__E = 0x1001c559
                0x000000001001c279                ti_sysbios_hal_Hwi_HwiProxy_Module__startupDone__S = 0x1001c279
                0x000000001001b209                ti_sysbios_heaps_HeapMem_getStats__E = 0x1001b209
                0x000000001001c2fd                ti_sysbios_knl_Task_SupportProxy_swap__E = 0x1001c2fd
                0x000000001001c859                xdc_runtime_Memory_getMaxDefaultTypeAlign__E = 0x1001c859
                0x000000001001bde9                ti_sysbios_knl_Task_Object__get__S = 0x1001bde9
                0x000000001001af29                ti_sysbios_family_arm_m3_Hwi_construct = 0x1001af29
                0x000000001001c2a9                ti_sysbios_knl_Clock_TimerProxy_Module__startupDone__S = 0x1001c2a9
                0x000000001001bcc9                ti_sysbios_knl_Clock_Module_startup__E = 0x1001bcc9
                0x000000001001af81                ti_sysbios_knl_Mailbox_construct = 0x1001af81
                0x000000001001b125                ti_sysbios_knl_Task_construct = 0x1001b125
                0x000000001001c639                xdc_runtime_Core_constructObject__I = 0x1001c639
                0x000000001001c1a9                ti_sysbios_knl_Queue_dequeue__E = 0x1001c1a9
                0x000000001001adbd                ti_sysbios_knl_Task_Module_startup__E = 0x1001adbd
                0x000000001001c251                ti_sysbios_family_arm_cc26xx_Timer_getExpiredTicks__E = 0x1001c251
                0x000000001001b7c1                ti_sysbios_family_arm_m3_Hwi_Object__get__S = 0x1001b7c1
                0x000000001001c2c9                ti_sysbios_knl_Mailbox_destruct = 0x1001c2c9
                0x000000001001c87f                xdc_runtime_System_Module_startup__E = 0x1001c87f
                0x000000001001c2ed                ti_sysbios_knl_Swi_postInit__I = 0x1001c2ed
                0x000000001001b1c1                ti_sysbios_family_arm_m3_Hwi_Module_startup__E = 0x1001b1c1
                0x000000001001b6a9                ti_sysbios_gates_GateMutex_enter__E = 0x1001b6a9
                0x000000001001be85                ti_sysbios_family_arm_m3_Hwi_setPriority__E = 0x1001be85